Component: ARM Compiler 5.06 update 4 (build 422) Tool: armlink [4d35d2]

==============================================================================

Section Cross References

    startup_stm32f427xx.o(STACK) refers (Special) to heapauxi.o(.text) for __use_two_region_memory
    startup_stm32f427xx.o(HEAP) refers (Special) to heapauxi.o(.text) for __use_two_region_memory
    startup_stm32f427xx.o(RESET) refers (Special) to heapauxi.o(.text) for __use_two_region_memory
    startup_stm32f427xx.o(RESET) refers to startup_stm32f427xx.o(STACK) for __initial_sp
    startup_stm32f427xx.o(RESET) refers to startup_stm32f427xx.o(.text) for Reset_Handler
    startup_stm32f427xx.o(RESET) refers to stm32f4xx_it.o(i.NMI_Handler) for NMI_Handler
    startup_stm32f427xx.o(RESET) refers to stm32f4xx_it.o(i.HardFault_Handler) for HardFault_Handler
    startup_stm32f427xx.o(RESET) refers to stm32f4xx_it.o(i.MemManage_Handler) for MemManage_Handler
    startup_stm32f427xx.o(RESET) refers to stm32f4xx_it.o(i.BusFault_Handler) for BusFault_Handler
    startup_stm32f427xx.o(RESET) refers to stm32f4xx_it.o(i.UsageFault_Handler) for UsageFault_Handler
    startup_stm32f427xx.o(RESET) refers to stm32f4xx_it.o(i.SVC_Handler) for SVC_Handler
    startup_stm32f427xx.o(RESET) refers to stm32f4xx_it.o(i.DebugMon_Handler) for DebugMon_Handler
    startup_stm32f427xx.o(RESET) refers to stm32f4xx_it.o(i.PendSV_Handler) for PendSV_Handler
    startup_stm32f427xx.o(RESET) refers to stm32f4xx_it.o(i.SysTick_Handler) for SysTick_Handler
    startup_stm32f427xx.o(RESET) refers to stm32f4xx_it.o(i.TIM3_IRQHandler) for TIM3_IRQHandler
    startup_stm32f427xx.o(RESET) refers to stm32f4xx_it.o(i.TIM4_IRQHandler) for TIM4_IRQHandler
    startup_stm32f427xx.o(RESET) refers to stm32f4xx_it.o(i.CAN2_RX0_IRQHandler) for CAN2_RX0_IRQHandler
    startup_stm32f427xx.o(RESET) refers to upper.o(i.UART7_IRQHandler) for UART7_IRQHandler
    startup_stm32f427xx.o(RESET) refers to imu.o(i.UART8_IRQHandler) for UART8_IRQHandler
    startup_stm32f427xx.o(.text) refers (Special) to heapauxi.o(.text) for __use_two_region_memory
    startup_stm32f427xx.o(.text) refers to system_stm32f4xx.o(i.SystemInit) for SystemInit
    startup_stm32f427xx.o(.text) refers to __main.o(!!!main) for __main
    startup_stm32f427xx.o(.text) refers to startup_stm32f427xx.o(HEAP) for Heap_Mem
    startup_stm32f427xx.o(.text) refers to startup_stm32f427xx.o(STACK) for Stack_Mem
    stm32f4xx_it.o(i.CAN2_RX0_IRQHandler) refers to stm32f4xx_hal_can.o(i.HAL_CAN_IRQHandler) for HAL_CAN_IRQHandler
    stm32f4xx_it.o(i.CAN2_RX0_IRQHandler) refers to can.o(.bss) for hcan2
    stm32f4xx_it.o(i.SysTick_Handler) refers to stm32f4xx_hal.o(i.HAL_IncTick) for HAL_IncTick
    stm32f4xx_it.o(i.SysTick_Handler) refers to stm32f4xx_hal_cortex.o(i.HAL_SYSTICK_IRQHandler) for HAL_SYSTICK_IRQHandler
    stm32f4xx_it.o(i.TIM3_IRQHandler) refers to stm32f4xx_hal_tim.o(i.HAL_TIM_IRQHandler) for HAL_TIM_IRQHandler
    stm32f4xx_it.o(i.TIM3_IRQHandler) refers to tim.o(.bss) for htim3
    stm32f4xx_it.o(i.TIM4_IRQHandler) refers to stm32f4xx_hal_tim.o(i.HAL_TIM_IRQHandler) for HAL_TIM_IRQHandler
    stm32f4xx_it.o(i.TIM4_IRQHandler) refers to tim.o(.bss) for htim4
    stm32f4xx_hal_msp.o(i.HAL_MspInit) refers to stm32f4xx_hal_cortex.o(i.HAL_NVIC_SetPriorityGrouping) for HAL_NVIC_SetPriorityGrouping
    stm32f4xx_hal_msp.o(i.HAL_MspInit) refers to stm32f4xx_hal_cortex.o(i.HAL_NVIC_SetPriority) for HAL_NVIC_SetPriority
    imu.o(i.UART8_IRQHandler) refers to packet.o(i.packet_decode) for packet_decode
    imu.o(i.UART8_IRQHandler) refers to imu.o(.data) for rxbuf
    imu.o(i.imu_get) refers to imu.o(i.low_pass_filter) for low_pass_filter
    imu.o(i.imu_get) refers to imu_data_decode.o(.bss) for id0x91
    imu.o(i.imu_get) refers to imu.o(.bss) for imu
    imu.o(i.imu_init) refers to imu_data_decode.o(i.imu_data_decode_init) for imu_data_decode_init
    imu.o(i.low_pass_filter) refers to imu.o(.data) for fisrt_flag
    imu_data_decode.o(i.imu_data_decode_init) refers to packet.o(i.packet_decode_init) for packet_decode_init
    imu_data_decode.o(i.imu_data_decode_init) refers to imu_data_decode.o(i.on_data_received) for on_data_received
    imu_data_decode.o(i.imu_data_decode_init) refers to imu_data_decode.o(.bss) for RxPkt
    imu_data_decode.o(i.on_data_received) refers to imu_data_decode.o(i.stream2int16) for stream2int16
    imu_data_decode.o(i.on_data_received) refers to rt_memcpy_v6.o(.text) for __aeabi_memcpy
    imu_data_decode.o(i.on_data_received) refers to imu_data_decode.o(.data) for bitmap
    imu_data_decode.o(i.on_data_received) refers to imu_data_decode.o(.bss) for id0x91
    packet.o(i.packet_decode) refers to packet.o(i.crc16_update) for crc16_update
    packet.o(i.packet_decode) refers to packet.o(.data) for status
    packet.o(i.packet_decode_init) refers to rt_memclr_w.o(.text) for __aeabi_memclr4
[...]
    .ARM.Collect$$libshutdown$$00000010      0x0800022a   Section        2  libshutdown2.o(.ARM.Collect$$libshutdown$$00000010)
    .ARM.Collect$$rtentry$$00000000          0x0800022c   Section        0  __rtentry.o(.ARM.Collect$$rtentry$$00000000)
    .ARM.Collect$$rtentry$$00000002          0x0800022c   Section        0  __rtentry2.o(.ARM.Collect$$rtentry$$00000002)
    .ARM.Collect$$rtentry$$00000004          0x0800022c   Section        6  __rtentry4.o(.ARM.Collect$$rtentry$$00000004)
    .ARM.Collect$$rtentry$$00000009          0x08000232   Section        0  __rtentry2.o(.ARM.Collect$$rtentry$$00000009)
    .ARM.Collect$$rtentry$$0000000A          0x08000232   Section        4  __rtentry2.o(.ARM.Collect$$rtentry$$0000000A)
    .ARM.Collect$$rtentry$$0000000C          0x08000236   Section        0  __rtentry2.o(.ARM.Collect$$rtentry$$0000000C)
    .ARM.Collect$$rtentry$$0000000D          0x08000236   Section        8  __rtentry2.o(.ARM.Collect$$rtentry$$0000000D)
    .ARM.Collect$$rtexit$$00000000           0x0800023e   Section        2  rtexit.o(.ARM.Collect$$rtexit$$00000000)
    .ARM.Collect$$rtexit$$00000002           0x08000240   Section        0  rtexit2.o(.ARM.Collect$$rtexit$$00000002)
    .ARM.Collect$$rtexit$$00000003           0x08000240   Section        4  rtexit2.o(.ARM.Collect$$rtexit$$00000003)
    .ARM.Collect$$rtexit$$00000004           0x08000244   Section        6  rtexit2.o(.ARM.Collect$$rtexit$$00000004)
    .text                                    0x0800024c   Section       64  startup_stm32f427xx.o(.text)
    $v0                                      0x0800024c   Number         0  startup_stm32f427xx.o(.text)
    .text                                    0x0800028c   Section      238  lludivv7m.o(.text)
    .text                                    0x0800037a   Section      138  rt_memcpy_v6.o(.text)
    .text                                    0x08000404   Section       78  rt_memclr_w.o(.text)
    .text                                    0x08000452   Section        0  heapauxi.o(.text)
    .text                                    0x08000458   Section      100  rt_memcpy_w.o(.text)
    .text                                    0x080004bc   Section        8  libspace.o(.text)
    .text                                    0x080004c4   Section       74  sys_stackheap_outer.o(.text)
    .text                                    0x0800050e   Section        0  exit.o(.text)
    .text                                    0x08000520   Section        0  sys_exit.o(.text)
    .text                                    0x0800052c   Section        2  use_no_semi.o(.text)
    .text                                    0x0800052e   Section        0  indicate_semi.o(.text)
    i.Angle_Velocity                         0x08000530   Section        0  task.o(i.Angle_Velocity)
    i.BusFault_Handler                       0x080005d0   Section        0  stm32f4xx_it.o(i.BusFault_Handler)
    i.CAN2_RX0_IRQHandler                    0x080005d4   Section        0  stm32f4xx_it.o(i.CAN2_RX0_IRQHandler)
    i.DebugMon_Handler                       0x080005e4   Section        0  stm32f4xx_it.o(i.DebugMon_Handler)
    i.HAL_CAN_ActivateNotification           0x080005e6   Section        0  stm32f4xx_hal_can.o(i.HAL_CAN_ActivateNotification)
    i.HAL_CAN_AddTxMessage                   0x08000612   Section        0  stm32f4xx_hal_can.o(i.HAL_CAN_AddTxMessage)
    i.HAL_CAN_ConfigFilter                   0x0800073c   Section        0  stm32f4xx_hal_can.o(i.HAL_CAN_ConfigFilter)
    i.HAL_CAN_ErrorCallback                  0x08000860   Section        0  stm32f4xx_hal_can.o(i.HAL_CAN_ErrorCallback)
    i.HAL_CAN_GetRxMessage                   0x08000862   Section        0  stm32f4xx_hal_can.o(i.HAL_CAN_GetRxMessage)
    i.HAL_CAN_IRQHandler                     0x080009ea   Section        0  stm32f4xx_hal_can.o(i.HAL_CAN_IRQHandler)
    i.HAL_CAN_Init                           0x08000c38   Section        0  stm32f4xx_hal_can.o(i.HAL_CAN_Init)
    i.HAL_CAN_MspInit                        0x08000db0   Section        0  can.o(i.HAL_CAN_MspInit)
    i.HAL_CAN_RxFifo0FullCallback            0x08000e3c   Section        0  stm32f4xx_hal_can.o(i.HAL_CAN_RxFifo0FullCallback)
    i.HAL_CAN_RxFifo0MsgPendingCallback      0x08000e40   Section        0  odrive.o(i.HAL_CAN_RxFifo0MsgPendingCallback)
    i.HAL_CAN_RxFifo1FullCallback            0x08000f20   Section        0  stm32f4xx_hal_can.o(i.HAL_CAN_RxFifo1FullCallback)
    i.HAL_CAN_RxFifo1MsgPendingCallback      0x08000f22   Section        0  stm32f4xx_hal_can.o(i.HAL_CAN_RxFifo1MsgPendingCallback)
    i.HAL_CAN_SleepCallback                  0x08000f24   Section        0  stm32f4xx_hal_can.o(i.HAL_CAN_SleepCallback)
    i.HAL_CAN_Start                          0x08000f26   Section        0  stm32f4xx_hal_can.o(i.HAL_CAN_Start)
    i.HAL_CAN_TxMailbox0AbortCallback        0x08000f86   Section        0  stm32f4xx_hal_can.o(i.HAL_CAN_TxMailbox0AbortCallback)
    i.HAL_CAN_TxMailbox0CompleteCallback     0x08000f88   Section        0  stm32f4xx_hal_can.o(i.HAL_CAN_TxMailbox0CompleteCallback)
    i.HAL_CAN_TxMailbox1AbortCallback        0x08000f8a   Section        0  stm32f4xx_hal_can.o(i.HAL_CAN_TxMailbox1AbortCallback)
    i.HAL_CAN_TxMailbox1CompleteCallback     0x08000f8c   Section        0  stm32f4xx_hal_can.o(i.HAL_CAN_TxMailbox1CompleteCallback)
    i.HAL_CAN_TxMailbox2AbortCallback        0x08000f8e   Section        0  stm32f4xx_hal_can.o(i.HAL_CAN_TxMailbox2AbortCallback)
    i.HAL_CAN_TxMailbox2CompleteCallback     0x08000f90   Section        0  stm32f4xx_hal_can.o(i.HAL_CAN_TxMailbox2CompleteCallback)
    i.HAL_CAN_WakeUpFromRxMsgCallback        0x08000f92   Section        0  stm32f4xx_hal_can.o(i.HAL_CAN_WakeUpFromRxMsgCallback)
    i.HAL_Delay                              0x08000f94   Section        0  stm32f4xx_hal.o(i.HAL_Delay)
    i.HAL_GPIO_Init                          0x08000fbc   Section        0  stm32f4xx_hal_gpio.o(i.HAL_GPIO_Init)
    i.HAL_GPIO_WritePin                      0x080011d8   Section        0  stm32f4xx_hal_gpio.o(i.HAL_GPIO_WritePin)
    i.HAL_GetTick                            0x080011e4   Section        0  stm32f4xx_hal.o(i.HAL_GetTick)
    i.HAL_I2C_Init                           0x080011f0   Section        0  stm32f4xx_hal_i2c.o(i.HAL_I2C_Init)
    i.HAL_I2C_MspInit                        0x08001318   Section        0  i2c.o(i.HAL_I2C_MspInit)
    i.HAL_IncTick                            0x08001374   Section        0  stm32f4xx_hal.o(i.HAL_IncTick)
    i.HAL_Init                               0x0800138c   Section        0  stm32f4xx_hal.o(i.HAL_Init)
    i.HAL_InitTick                           0x080013c8   Section        0  stm32f4xx_hal.o(i.HAL_InitTick)
    i.HAL_MspInit                            0x08001414   Section        0  stm32f4xx_hal_msp.o(i.HAL_MspInit)
    i.HAL_NVIC_EnableIRQ                     0x0800146a   Section        0  stm32f4xx_hal_cortex.o(i.HAL_NVIC_EnableIRQ)
    i.HAL_NVIC_SetPriority                   0x08001484   Section        0  stm32f4xx_hal_cortex.o(i.HAL_NVIC_SetPriority)
    i.HAL_NVIC_SetPriorityGrouping           0x08001500   Section        0  stm32f4xx_hal_cortex.o(i.HAL_NVIC_SetPriorityGrouping)
    i.HAL_RCC_ClockConfig                    0x08001528   Section        0  stm32f4xx_hal_rcc.o(i.HAL_RCC_ClockConfig)
    i.HAL_RCC_GetHCLKFreq                    0x080016a8   Section        0  stm32f4xx_hal_rcc.o(i.HAL_RCC_GetHCLKFreq)
    i.HAL_RCC_GetPCLK1Freq                   0x080016b4   Section        0  stm32f4xx_hal_rcc.o(i.HAL_RCC_GetPCLK1Freq)
    i.HAL_RCC_GetSysClockFreq                0x080016d4   Section        0  stm32f4xx_hal_rcc.o(i.HAL_RCC_GetSysClockFreq)
    i.HAL_RCC_OscConfig                      0x08001784   Section        0  stm32f4xx_hal_rcc.o(i.HAL_RCC_OscConfig)
    i.HAL_SYSTICK_CLKSourceConfig            0x08001bcc   Section        0  stm32f4xx_hal_cortex.o(i.HAL_SYSTICK_CLKSourceConfig)
    i.HAL_SYSTICK_Callback                   0x08001bf4   Section        0  stm32f4xx_hal_cortex.o(i.HAL_SYSTICK_Callback)
    i.HAL_SYSTICK_Config                     0x08001bf6   Section        0  stm32f4xx_hal_cortex.o(i.HAL_SYSTICK_Config)
    i.HAL_SYSTICK_IRQHandler                 0x08001c2a   Section        0  stm32f4xx_hal_cortex.o(i.HAL_SYSTICK_IRQHandler)
    i.HAL_TIMEx_BreakCallback                0x08001c32   Section        0  stm32f4xx_hal_tim_ex.o(i.HAL_TIMEx_BreakCallback)
    i.HAL_TIMEx_CommutationCallback          0x08001c34   Section        0  stm32f4xx_hal_tim_ex.o(i.HAL_TIMEx_CommutationCallback)
    i.HAL_TIMEx_MasterConfigSynchronization  0x08001c36   Section        0  stm32f4xx_hal_tim_ex.o(i.HAL_TIMEx_MasterConfigSynchronization)
    i.HAL_TIM_Base_Init                      0x08001c98   Section        0  stm32f4xx_hal_tim.o(i.HAL_TIM_Base_Init)
    i.HAL_TIM_Base_MspInit                   0x08001ccc   Section        0  tim.o(i.HAL_TIM_Base_MspInit)
    i.HAL_TIM_Base_Start_IT                  0x08001d50   Section        0  stm32f4xx_hal_tim.o(i.HAL_TIM_Base_Start_IT)
    i.HAL_TIM_IC_CaptureCallback             0x08001d6e   Section        0  stm32f4xx_hal_tim.o(i.HAL_TIM_IC_CaptureCallback)
    i.HAL_TIM_IRQHandler                     0x08001d70   Section        0  stm32f4xx_hal_tim.o(i.HAL_TIM_IRQHandler)
    i.HAL_TIM_MspPostInit                    0x08001f08   Section        0  tim.o(i.HAL_TIM_MspPostInit)
    i.HAL_TIM_OC_DelayElapsedCallback        0x08001f38   Section        0  stm32f4xx_hal_tim.o(i.HAL_TIM_OC_DelayElapsedCallback)
    i.HAL_TIM_PWM_ConfigChannel              0x08001f3a   Section        0  stm32f4xx_hal_tim.o(i.HAL_TIM_PWM_ConfigChannel)
    i.HAL_TIM_PWM_Init                       0x08002042   Section        0  stm32f4xx_hal_tim.o(i.HAL_TIM_PWM_Init)
    i.HAL_TIM_PWM_MspInit                    0x08002078   Section        0  tim.o(i.HAL_TIM_PWM_MspInit)
    i.HAL_TIM_PWM_PulseFinishedCallback      0x080020a8   Section        0  stm32f4xx_hal_tim.o(i.HAL_TIM_PWM_PulseFinishedCallback)
    i.HAL_TIM_PWM_Start                      0x080020ac   Section        0  stm32f4xx_hal_tim.o(i.HAL_TIM_PWM_Start)
    i.HAL_TIM_PeriodElapsedCallback          0x080020f8   Section        0  task.o(i.HAL_TIM_PeriodElapsedCallback)
    i.HAL_TIM_TriggerCallback                0x080021b0   Section        0  stm32f4xx_hal_tim.o(i.HAL_TIM_TriggerCallback)
    i.HardFault_Handler                      0x080021b2   Section        0  stm32f4xx_it.o(i.HardFault_Handler)
    i.LL_APB1_GRP1_EnableClock               0x080021b8   Section        0  usart.o(i.LL_APB1_GRP1_EnableClock)
    LL_APB1_GRP1_EnableClock                 0x080021b9   Thumb Code    24  usart.o(i.LL_APB1_GRP1_EnableClock)
    i.LL_GPIO_Init                           0x080021d4   Section        0  stm32f4xx_ll_gpio.o(i.LL_GPIO_Init)
    i.LL_RCC_GetSystemClocksFreq             0x08002318   Section        0  stm32f4xx_ll_rcc.o(i.LL_RCC_GetSystemClocksFreq)
    i.LL_RCC_PLL_GetN                        0x0800233c   Section        0  stm32f4xx_ll_rcc.o(i.LL_RCC_PLL_GetN)
    LL_RCC_PLL_GetN                          0x0800233d   Thumb Code    10  stm32f4xx_ll_rcc.o(i.LL_RCC_PLL_GetN)
    i.LL_USART_ConfigAsyncMode               0x0800234c   Section        0  usart.o(i.LL_USART_ConfigAsyncMode)
    LL_USART_ConfigAsyncMode                 0x0800234d   Thumb Code    18  usart.o(i.LL_USART_ConfigAsyncMode)
    i.LL_USART_Enable                        0x0800235e   Section        0  usart.o(i.LL_USART_Enable)
    LL_USART_Enable                          0x0800235f   Thumb Code    10  usart.o(i.LL_USART_Enable)
    i.LL_USART_EnableIT_RXNE                 0x08002368   Section        0  main.o(i.LL_USART_EnableIT_RXNE)
    LL_USART_EnableIT_RXNE                   0x08002369   Thumb Code    10  main.o(i.LL_USART_EnableIT_RXNE)
    i.LL_USART_Init                          0x08002374   Section        0  stm32f4xx_ll_usart.o(i.LL_USART_Init)
    i.LL_USART_IsEnabled                     0x08002454   Section        0  stm32f4xx_ll_usart.o(i.LL_USART_IsEnabled)
    LL_USART_IsEnabled                       0x08002455   Thumb Code    10  stm32f4xx_ll_usart.o(i.LL_USART_IsEnabled)
    i.LL_USART_SetBaudRate                   0x0800245e   Section        0  stm32f4xx_ll_usart.o(i.LL_USART_SetBaudRate)
    LL_USART_SetBaudRate                     0x0800245f   Thumb Code   322  stm32f4xx_ll_usart.o(i.LL_USART_SetBaudRate)
    i.MX_CAN2_Init                           0x080025a0   Section        0  can.o(i.MX_CAN2_Init)
    i.MX_GPIO_Init                           0x080025f4   Section        0  gpio.o(i.MX_GPIO_Init)
    i.MX_I2C2_Init                           0x08002708   Section        0  i2c.o(i.MX_I2C2_Init)
    i.MX_TIM2_Init                           0x08002758   Section        0  tim.o(i.MX_TIM2_Init)
    i.MX_TIM3_Init                           0x080027e0   Section        0  tim.o(i.MX_TIM3_Init)
    i.MX_UART7_Init                          0x08002824   Section        0  usart.o(i.MX_UART7_Init)
    i.MX_UART8_Init                          0x080028a8   Section        0  usart.o(i.MX_UART8_Init)
    i.MemManage_Handler                      0x0800292c   Section        0  stm32f4xx_it.o(i.MemManage_Handler)
    i.NMI_Handler                            0x08002930   Section        0  stm32f4xx_it.o(i.NMI_Handler)
    i.NVIC_EnableIRQ                         0x08002932   Section        0  usart.o(i.NVIC_EnableIRQ)
    NVIC_EnableIRQ                           0x08002933   Thumb Code    22  usart.o(i.NVIC_EnableIRQ)
    i.NVIC_EncodePriority                    0x08002948   Section        0  usart.o(i.NVIC_EncodePriority)
    NVIC_EncodePriority                      0x08002949   Thumb Code    64  usart.o(i.NVIC_EncodePriority)
    i.NVIC_GetPriorityGrouping               0x08002988   Section        0  usart.o(i.NVIC_GetPriorityGrouping)
    NVIC_GetPriorityGrouping                 0x08002989   Thumb Code    10  usart.o(i.NVIC_GetPriorityGrouping)
    i.NVIC_GetPriorityGrouping               0x08002998   Section        0  stm32f4xx_hal_cortex.o(i.NVIC_GetPriorityGrouping)
    NVIC_GetPriorityGrouping                 0x08002999   Thumb Code    10  stm32f4xx_hal_cortex.o(i.NVIC_GetPriorityGrouping)
    i.NVIC_SetPriority                       0x080029a8   Section        0  usart.o(i.NVIC_SetPriority)
    NVIC_SetPriority                         0x080029a9   Thumb Code    32  usart.o(i.NVIC_SetPriority)
    i.NVIC_SetPriority                       0x080029d0   Section        0  stm32f4xx_hal_cortex.o(i.NVIC_SetPriority)
    NVIC_SetPriority                         0x080029d1   Thumb Code    32  stm32f4xx_hal_cortex.o(i.NVIC_SetPriority)
    i.PendSV_Handler                         0x080029f8   Section        0  stm32f4xx_it.o(i.PendSV_Handler)
    i.RCC_GetHCLKClockFreq                   0x080029fc   Section        0  stm32f4xx_ll_rcc.o(i.RCC_GetHCLKClockFreq)
    i.RCC_GetPCLK1ClockFreq                  0x08002a1c   Section        0  stm32f4xx_ll_rcc.o(i.RCC_GetPCLK1ClockFreq)
    i.RCC_GetPCLK2ClockFreq                  0x08002a40   Section        0  stm32f4xx_ll_rcc.o(i.RCC_GetPCLK2ClockFreq)
    i.RCC_GetSystemClockFreq                 0x08002a64   Section        0  stm32f4xx_ll_rcc.o(i.RCC_GetSystemClockFreq)
    i.RCC_PLL_GetFreqDomain_SYS              0x08002aa8   Section        0  stm32f4xx_ll_rcc.o(i.RCC_PLL_GetFreqDomain_SYS)
    i.SVC_Handler                            0x08002b18   Section        0  stm32f4xx_it.o(i.SVC_Handler)
    i.SysTick_Handler                        0x08002b1a   Section        0  stm32f4xx_it.o(i.SysTick_Handler)
    i.SystemClock_Config                     0x08002b28   Section        0  main.o(i.SystemClock_Config)
    i.SystemInit                             0x08002c04   Section        0  system_stm32f4xx.o(i.SystemInit)
    i.TIM3_IRQHandler                        0x08002c68   Section        0  stm32f4xx_it.o(i.TIM3_IRQHandler)
    i.TIM4_IRQHandler                        0x08002c78   Section        0  stm32f4xx_it.o(i.TIM4_IRQHandler)
    i.TIM_Base_SetConfig                     0x08002c88   Section        0  stm32f4xx_hal_tim.o(i.TIM_Base_SetConfig)
    i.TIM_CCxChannelCmd                      0x08002d6c   Section        0  stm32f4xx_hal_tim.o(i.TIM_CCxChannelCmd)
    i.TIM_OC1_SetConfig                      0x08002d88   Section        0  stm32f4xx_hal_tim.o(i.TIM_OC1_SetConfig)
    TIM_OC1_SetConfig                        0x08002d89   Thumb Code   102  stm32f4xx_hal_tim.o(i.TIM_OC1_SetConfig)
    i.TIM_OC2_SetConfig                      0x08002df8   Section        0  stm32f4xx_hal_tim.o(i.TIM_OC2_SetConfig)
    i.TIM_OC3_SetConfig                      0x08002e70   Section        0  stm32f4xx_hal_tim.o(i.TIM_OC3_SetConfig)
    TIM_OC3_SetConfig                        0x08002e71   Thumb Code   110  stm32f4xx_hal_tim.o(i.TIM_OC3_SetConfig)
    i.TIM_OC4_SetConfig                      0x08002ee8   Section        0  stm32f4xx_hal_tim.o(i.TIM_OC4_SetConfig)
    TIM_OC4_SetConfig                        0x08002ee9   Thumb Code    88  stm32f4xx_hal_tim.o(i.TIM_OC4_SetConfig)
    i.UART7_IRQHandler                       0x08002f48   Section        0  upper.o(i.UART7_IRQHandler)
    i.UART8_IRQHandler                       0x08002f4c   Section        0  imu.o(i.UART8_IRQHandler)
    i.UsageFault_Handler                     0x08002f98   Section        0  stm32f4xx_it.o(i.UsageFault_Handler)
    i.Velocity_Control                       0x08002f9c   Section        0  task.o(i.Velocity_Control)
    i.X_balance_Control                      0x08003030   Section        0  task.o(i.X_balance_Control)
    i._Error_Handler                         0x080030b0   Section        0  main.o(i._Error_Handler)
    i.balance                                0x080030b4   Section        0  task.o(i.balance)
    i.crc16_update                           0x08003238   Section        0  packet.o(i.crc16_update)
    crc16_update                             0x08003239   Thumb Code    60  packet.o(i.crc16_update)
    i.imu_data_decode_init                   0x08003274   Section        0  imu_data_decode.o(i.imu_data_decode_init)
    i.imu_get                                0x0800328c   Section        0  imu.o(i.imu_get)
    i.imu_init                               0x08003300   Section        0  imu.o(i.imu_init)
    i.key_init                               0x08003308   Section        0  key.o(i.key_init)
    i.low_pass_filter                        0x0800332c   Section        0  imu.o(i.low_pass_filter)
    i.main                                   0x08003374   Section        0  main.o(i.main)
    i.odrive_canFilter_init                  0x080033dc   Section        0  odrive.o(i.odrive_canFilter_init)
    i.odrive_init                            0x0800341c   Section        0  odrive.o(i.odrive_init)
    i.odrive_speed_ctrl                      0x08003488   Section        0  odrive.o(i.odrive_speed_ctrl)
    i.on_data_received                       0x080034f8   Section        0  imu_data_decode.o(i.on_data_received)
    on_data_received                         0x080034f9   Thumb Code   588  imu_data_decode.o(i.on_data_received)
    i.packet_decode                          0x08003758   Section        0  packet.o(i.packet_decode)
    i.packet_decode_init                     0x080038bc   Section        0  packet.o(i.packet_decode_init)
    i.param_init                             0x080038e0   Section        0  task.o(i.param_init)
    i.rate_set                               0x08003998   Section        0  task.o(i.rate_set)
    i.servo_init                             0x080039c4   Section        0  servo.o(i.servo_init)
    i.stream2int16                           0x080039d8   Section        0  imu_data_decode.o(i.stream2int16)
    stream2int16                             0x080039d9   Thumb Code    42  imu_data_decode.o(i.stream2int16)
    x$fpl$fpinit                             0x08003a02   Section       10  fpinit.o(x$fpl$fpinit)
    $v0                                      0x08003a02   Number         0  fpinit.o(x$fpl$fpinit)
    .constdata                               0x08003a0c   Section       36  system_stm32f4xx.o(.constdata)
    aRCC_PLLSAIDIVRPrescTable                0x08003a0c   Data           4  system_stm32f4xx.o(.constdata)
    STREAM_OFFSET_TAB                        0x08003a10   Data           8  system_stm32f4xx.o(.constdata)
    .data                                    0x20000000   Section       13  imu.o(.data)
    out_last                                 0x20000008   Data           4  imu.o(.data)
    fisrt_flag                               0x2000000c   Data           1  imu.o(.data)
    .data                                    0x2000000d   Section        1  imu_data_decode.o(.data)
    .data                                    0x20000010   Section       21  packet.o(.data)
    event_handler                            0x20000014   Data           4  packet.o(.data)
    RxPkt                                    0x20000018   Data           4  packet.o(.data)
    CRCReceived                              0x2000001c   Data           2  packet.o(.data)
    CRCCalculated                            0x2000001e   Data           2  packet.o(.data)
    status                                   0x20000020   Data           1  packet.o(.data)
    crc_header                               0x20000021   Data           4  packet.o(.data)
    .data                                    0x20000028   Section        8  main.o(.data)
    .data                                    0x20000030   Section        2  odrive.o(.data)
    .data                                    0x20000034   Section       76  task.o(.data)
    Angle_Velocity_Last_Bias                 0x20000070   Data           4  task.o(.data)
    Angle_Velocity_Integral                  0x20000074   Data           4  task.o(.data)
    error                                    0x20000078   Data           4  task.o(.data)
    encoder_bias_integral                    0x2000007c   Data           4  task.o(.data)
    .data                                    0x20000080   Section       25  upper.o(.data)
    back_center_i                            0x20000098   Data           1  upper.o(.data)
    .data                                    0x2000009c   Section        9  stm32f4xx_hal.o(.data)
    .data                                    0x200000a8   Section        4  system_stm32f4xx.o(.data)
    .bss                                     0x200000ac   Section       36  imu.o(.bss)
    .bss                                     0x200000d0   Section     3355  imu_data_decode.o(.bss)
    RxPkt                                    0x200000d0   Data        2060  imu_data_decode.o(.bss)
    .bss                                     0x20000dec   Section       48  odrive.o(.bss)
    .bss                                     0x20000e1c   Section       80  task.o(.bss)
    .bss                                     0x20000e6c   Section       40  can.o(.bss)
    .bss                                     0x20000e94   Section      180  tim.o(.bss)
    .bss                                     0x20000f48   Section       84  i2c.o(.bss)
    .bss                                     0x20000f9c   Section       96  libspace.o(.bss)
    HEAP                                     0x20001000   Section      512  startup_stm32f427xx.o(HEAP)
    Heap_Mem                                 0x20001000   Data         512  startup_stm32f427xx.o(HEAP)
    STACK                                    0x20001200   Section     1024  startup_stm32f427xx.o(STACK)
    Stack_Mem                                0x20001200   Data        1024  startup_stm32f427xx.o(STACK)
    __initial_sp                             0x20001600   Data           0  startup_stm32f427xx.o(STACK)

    Global Symbols

    Symbol Name                              Value     Ov Type        Size  Object(Section)

    BuildAttributes$$THM_ISAv4$E$P$D$K$B$S$7EM$VFPi3$EXTD16$VFPS$VFMA$PE$A:L22UL41UL21$X:L11$S22US41US21$IEEE1$IW$USESV6$~STKCKD$USESV7$~SHL$OTIME$ROPI$IEEEX$EBA8$UX$STANDARDLIB$REQ8$PRES8$EABIv2 0x00000000   Number         0  anon$$obj.o ABSOLUTE
    __ARM_use_no_argv                        0x00000000   Number         0  main.o ABSOLUTE
    _printf_flags                            0x00000000   Number         0  printf_stubs.o ABSOLUTE
    _printf_return_value                     0x00000000   Number         0  printf_stubs.o ABSOLUTE
    _printf_sizespec                         0x00000000   Number         0  printf_stubs.o ABSOLUTE
    _printf_widthprec                        0x00000000   Number         0  printf_stubs.o ABSOLUTE
    __ARM_exceptions_init                     - Undefined Weak Reference
    __alloca_initialize                       - Undefined Weak Reference
    __arm_preinit_                            - Undefined Weak Reference
    __cpp_initialize__aeabi_                  - Undefined Weak Reference
    __cxa_finalize                            - Undefined Weak Reference
    __sigvec_lookup                           - Undefined Weak Reference
    _atexit_init                              - Undefined Weak Reference
    _call_atexit_fns                          - Undefined Weak Reference
    _clock_init                               - Undefined Weak Reference
    _fp_trap_init                             - Undefined Weak Reference
    _fp_trap_shutdown                         - Undefined Weak Reference
    _get_lc_collate                           - Undefined Weak Reference
    _get_lc_ctype                             - Undefined Weak Reference
    _get_lc_monetary                          - Undefined Weak Reference
    _get_lc_time                              - Undefined Weak Reference
    _getenv_init                              - Undefined Weak Reference
    _handle_redirection                       - Undefined Weak Reference
    _init_alloc                               - Undefined Weak Reference
    _init_user_alloc                          - Undefined Weak Reference
    _initio                                   - Undefined Weak Reference
    _printf_post_padding                      - Undefined Weak Reference
    _printf_pre_padding                       - Undefined Weak Reference
    _rand_init                                - Undefined Weak Reference
    _signal_finish                            - Undefined Weak Reference
    _signal_init                              - Undefined Weak Reference
    _terminate_alloc                          - Undefined Weak Reference
    _terminate_user_alloc                     - Undefined Weak Reference
    _terminateio                              - Undefined Weak Reference
    __Vectors_Size                           0x000001ac   Number         0  startup_stm32f427xx.o ABSOLUTE
    __Vectors                                0x08000000   Data           4  startup_stm32f427xx.o(RESET)
    __Vectors_End                            0x080001ac   Data           0  startup_stm32f427xx.o(RESET)
    __main                                   0x080001ad   Thumb Code     8  __main.o(!!!main)
    __scatterload                            0x080001b5   Thumb Code     0  __scatter.o(!!!scatter)
    __scatterload_rt2                        0x080001b5   Thumb Code    44  __scatter.o(!!!scatter)
    __scatterload_rt2_thumb_only             0x080001b5   Thumb Code     0  __scatter.o(!!!scatter)
    __scatterload_null                       0x080001c3   Thumb Code     0  __scatter.o(!!!scatter)
    __scatterload_copy                       0x080001e9   Thumb Code    26  __scatter_copy.o(!!handler_copy)
    __scatterload_zeroinit                   0x08000205   Thumb Code    28  __scatter_zi.o(!!handler_zi)
    __rt_lib_init                            0x08000221   Thumb Code     0  libinit.o(.ARM.Collect$$libinit$$00000000)
    __rt_lib_init_fp_1                       0x08000223   Thumb Code     0  libinit2.o(.ARM.Collect$$libinit$$00000001)
    __rt_lib_init_alloca_1                   0x08000227   Thumb Code     0  libinit2.o(.ARM.Collect$$libinit$$0000002E)
    __rt_lib_init_argv_1                     0x08000227   Thumb Code     0  libinit2.o(.ARM.Collect$$libinit$$0000002C)
    __rt_lib_init_atexit_1                   0x08000227   Thumb Code     0  libinit2.o(.ARM.Collect$$libinit$$0000001B)
    __rt_lib_init_clock_1                    0x08000227   Thumb Code     0  libinit2.o(.ARM.Collect$$libinit$$00000021)
    __rt_lib_init_cpp_1                      0x08000227   Thumb Code     0  libinit2.o(.ARM.Collect$$libinit$$00000032)
    __rt_lib_init_exceptions_1               0x08000227   Thumb Code     0  libinit2.o(.ARM.Collect$$libinit$$00000030)
    __rt_lib_init_fp_trap_1                  0x08000227   Thumb Code     0  libinit2.o(.ARM.Collect$$libinit$$0000001F)
    __rt_lib_init_getenv_1                   0x08000227   Thumb Code     0  libinit2.o(.ARM.Collect$$libinit$$00000023)
    __rt_lib_init_heap_1                     0x08000227   Thumb Code     0  libinit2.o(.ARM.Collect$$libinit$$0000000A)
    __rt_lib_init_lc_collate_1               0x08000227   Thumb Code     0  libinit2.o(.ARM.Collect$$libinit$$00000011)
    __rt_lib_init_lc_ctype_1                 0x08000227   Thumb Code     0  libinit2.o(.ARM.Collect$$libinit$$00000013)
    __rt_lib_init_lc_monetary_1              0x08000227   Thumb Code     0  libinit2.o(.ARM.Collect$$libinit$$00000015)
    __rt_lib_init_lc_numeric_1               0x08000227   Thumb Code     0  libinit2.o(.ARM.Collect$$libinit$$00000017)
    __rt_lib_init_lc_time_1                  0x08000227   Thumb Code     0  libinit2.o(.ARM.Collect$$libinit$$00000019)
    __rt_lib_init_preinit_1                  0x08000227   Thumb Code     0  libinit2.o(.ARM.Collect$$libinit$$00000004)
    __rt_lib_init_rand_1                     0x08000227   Thumb Code     0  libinit2.o(.ARM.Collect$$libinit$$0000000E)
    __rt_lib_init_return                     0x08000227   Thumb Code     0  libinit2.o(.ARM.Collect$$libinit$$00000033)
    __rt_lib_init_signal_1                   0x08000227   Thumb Code     0  libinit2.o(.ARM.Collect$$libinit$$0000001D)
    __rt_lib_init_stdio_1                    0x08000227   Thumb Code     0  libinit2.o(.ARM.Collect$$libinit$$00000025)
    __rt_lib_init_user_alloc_1               0x08000227   Thumb Code     0  libinit2.o(.ARM.Collect$$libinit$$0000000C)
    __rt_lib_shutdown                        0x08000229   Thumb Code     0  libshutdown.o(.ARM.Collect$$libshutdown$$00000000)
    __rt_lib_shutdown_cpp_1                  0x0800022b   Thumb Code     0  libshutdown2.o(.ARM.Collect$$libshutdown$$00000002)
    __rt_lib_shutdown_fp_trap_1              0x0800022b   Thumb Code     0  libshutdown2.o(.ARM.Collect$$libshutdown$$00000007)
    __rt_lib_shutdown_heap_1                 0x0800022b   Thumb Code     0  libshutdown2.o(.ARM.Collect$$libshutdown$$0000000F)
    __rt_lib_shutdown_return                 0x0800022b   Thumb Code     0  libshutdown2.o(.ARM.Collect$$libshutdown$$00000010)
    __rt_lib_shutdown_signal_1               0x0800022b   Thumb Code     0  libshutdown2.o(.ARM.Collect$$libshutdown$$0000000A)
    __rt_lib_shutdown_stdio_1                0x0800022b   Thumb Code     0  libshutdown2.o(.ARM.Collect$$libshutdown$$00000004)
    __rt_lib_shutdown_user_alloc_1           0x0800022b   Thumb Code     0  libshutdown2.o(.ARM.Collect$$libshutdown$$0000000C)
    __rt_entry                               0x0800022d   Thumb Code     0  __rtentry.o(.ARM.Collect$$rtentry$$00000000)
    __rt_entry_presh_1                       0x0800022d   Thumb Code     0  __rtentry2.o(.ARM.Collect$$rtentry$$00000002)
    __rt_entry_sh                            0x0800022d   Thumb Code     0  __rtentry4.o(.ARM.Collect$$rtentry$$00000004)
    __rt_entry_li                            0x08000233   Thumb Code     0  __rtentry2.o(.ARM.Collect$$rtentry$$0000000A)
    __rt_entry_postsh_1                      0x08000233   Thumb Code     0  __rtentry2.o(.ARM.Collect$$rtentry$$00000009)
    __rt_entry_main                          0x08000237   Thumb Code     0  __rtentry2.o(.ARM.Collect$$rtentry$$0000000D)
    __rt_entry_postli_1                      0x08000237   Thumb Code     0  __rtentry2.o(.ARM.Collect$$rtentry$$0000000C)
    __rt_exit                                0x0800023f   Thumb Code     0  rtexit.o(.ARM.Collect$$rtexit$$00000000)
    __rt_exit_ls                             0x08000241   Thumb Code     0  rtexit2.o(.ARM.Collect$$rtexit$$00000003)
    __rt_exit_prels_1                        0x08000241   Thumb Code     0  rtexit2.o(.ARM.Collect$$rtexit$$00000002)
    __rt_exit_exit                           0x08000245   Thumb Code     0  rtexit2.o(.ARM.Collect$$rtexit$$00000004)
    Reset_Handler                            0x0800024d   Thumb Code     8  startup_stm32f427xx.o(.text)
    ADC_IRQHandler                           0x08000267   Thumb Code     0  startup_stm32f427xx.o(.text)
    CAN1_RX0_IRQHandler                      0x08000267   Thumb Code     0  startup_stm32f427xx.o(.text)
    CAN1_RX1_IRQHandler                      0x08000267   Thumb Code     0  startup_stm32f427xx.o(.text)
    CAN1_SCE_IRQHandler                      0x08000267   Thumb Code     0  startup_stm32f427xx.o(.text)
    CAN1_TX_IRQHandler                       0x08000267   Thumb Code     0  startup_stm32f427xx.o(.text)
    CAN2_RX1_IRQHandler                      0x08000267   Thumb Code     0  startup_stm32f427xx.o(.text)
    CAN2_SCE_IRQHandler                      0x08000267   Thumb Code     0  startup_stm32f427xx.o(.text)
    CAN2_TX_IRQHandler                       0x08000267   Thumb Code     0  startup_stm32f427xx.o(.text)
    DCMI_IRQHandler                          0x08000267   Thumb Code     0  startup_stm32f427xx.o(.text)
    DMA1_Stream0_IRQHandler                  0x08000267   Thumb Code     0  startup_stm32f427xx.o(.text)
    DMA1_Stream1_IRQHandler                  0x08000267   Thumb Code     0  startup_stm32f427xx.o(.text)
    DMA1_Stream2_IRQHandler                  0x08000267   Thumb Code     0  startup_stm32f427xx.o(.text)
    DMA1_Stream3_IRQHandler                  0x08000267   Thumb Code     0  startup_stm32f427xx.o(.text)
    DMA1_Stream4_IRQHandler                  0x08000267   Thumb Code     0  startup_stm32f427xx.o(.text)
    DMA1_Stream5_IRQHandler                  0x08000267   Thumb Code     0  startup_stm32f427xx.o(.text)
    DMA1_Stream6_IRQHandler                  0x08000267   Thumb Code     0  startup_stm32f427xx.o(.text)
    DMA1_Stream7_IRQHandler                  0x08000267   Thumb Code     0  startup_stm32f427xx.o(.text)
    DMA2D_IRQHandler                         0x08000267   Thumb Code     0  startup_stm32f427xx.o(.text)
    DMA2_Stream0_IRQHandler                  0x08000267   Thumb Code     0  startup_stm32f427xx.o(.text)
    DMA2_Stream1_IRQHandler                  0x08000267   Thumb Code     0  startup_stm32f427xx.o(.text)
    DMA2_Stream2_IRQHandler                  0x08000267   Thumb Code     0  startup_stm32f427xx.o(.text)
    DMA2_Stream3_IRQHandler                  0x08000267   Thumb Code     0  startup_stm32f427xx.o(.text)
    DMA2_Stream4_IRQHandler                  0x08000267   Thumb Code     0  startup_stm32f427xx.o(.text)
    DMA2_Stream5_IRQHandler                  0x08000267   Thumb Code     0  startup_stm32f427xx.o(.text)
    DMA2_Stream6_IRQHandler                  0x08000267   Thumb Code     0  startup_stm32f427xx.o(.text)
    DMA2_Stream7_IRQHandler                  0x08000267   Thumb Code     0  startup_stm32f427xx.o(.text)
    ETH_IRQHandler                           0x08000267   Thumb Code     0  startup_stm32f427xx.o(.text)
    ETH_WKUP_IRQHandler                      0x08000267   Thumb Code     0  startup_stm32f427xx.o(.text)
    EXTI0_IRQHandler                         0x08000267   Thumb Code     0  startup_stm32f427xx.o(.text)
    EXTI15_10_IRQHandler                     0x08000267   Thumb Code     0  startup_stm32f427xx.o(.text)
    EXTI1_IRQHandler                         0x08000267   Thumb Code     0  startup_stm32f427xx.o(.text)
    EXTI2_IRQHandler                         0x08000267   Thumb Code     0  startup_stm32f427xx.o(.text)
    EXTI3_IRQHandler                         0x08000267   Thumb Code     0  startup_stm32f427xx.o(.text)
    EXTI4_IRQHandler                         0x08000267   Thumb Code     0  startup_stm32f427xx.o(.text)
    EXTI9_5_IRQHandler                       0x08000267   Thumb Code     0  startup_stm32f427xx.o(.text)
    FLASH_IRQHandler                         0x08000267   Thumb Code     0  startup_stm32f427xx.o(.text)
    FMC_IRQHandler                           0x08000267   Thumb Code     0  startup_stm32f427xx.o(.text)
    FPU_IRQHandler                           0x08000267   Thumb Code     0  startup_stm32f427xx.o(.text)
    HASH_RNG_IRQHandler                      0x08000267   Thumb Code     0  startup_stm32f427xx.o(.text)
    I2C1_ER_IRQHandler                       0x08000267   Thumb Code     0  startup_stm32f427xx.o(.text)
    I2C1_EV_IRQHandler                       0x08000267   Thumb Code     0  startup_stm32f427xx.o(.text)
    I2C2_ER_IRQHandler                       0x08000267   Thumb Code     0  startup_stm32f427xx.o(.text)
    I2C2_EV_IRQHandler                       0x08000267   Thumb Code     0  startup_stm32f427xx.o(.text)
    I2C3_ER_IRQHandler                       0x08000267   Thumb Code     0  startup_stm32f427xx.o(.text)
    I2C3_EV_IRQHandler                       0x08000267   Thumb Code     0  startup_stm32f427xx.o(.text)
    OTG_FS_IRQHandler                        0x08000267   Thumb Code     0  startup_stm32f427xx.o(.text)
    OTG_FS_WKUP_IRQHandler                   0x08000267   Thumb Code     0  startup_stm32f427xx.o(.text)
    OTG_HS_EP1_IN_IRQHandler                 0x08000267   Thumb Code     0  startup_stm32f427xx.o(.text)
    OTG_HS_EP1_OUT_IRQHandler                0x08000267   Thumb Code     0  startup_stm32f427xx.o(.text)
    OTG_HS_IRQHandler                        0x08000267   Thumb Code     0  startup_stm32f427xx.o(.text)
    OTG_HS_WKUP_IRQHandler                   0x08000267   Thumb Code     0  startup_stm32f427xx.o(.text)
    PVD_IRQHandler                           0x08000267   Thumb Code     0  startup_stm32f427xx.o(.text)
    RCC_IRQHandler                           0x08000267   Thumb Code     0  startup_stm32f427xx.o(.text)
    RTC_Alarm_IRQHandler                     0x08000267   Thumb Code     0  startup_stm32f427xx.o(.text)
    RTC_WKUP_IRQHandler                      0x08000267   Thumb Code     0  startup_stm32f427xx.o(.text)
    SAI1_IRQHandler                          0x08000267   Thumb Code     0  startup_stm32f427xx.o(.text)
    SDIO_IRQHandler                          0x08000267   Thumb Code     0  startup_stm32f427xx.o(.text)
    SPI1_IRQHandler                          0x08000267   Thumb Code     0  startup_stm32f427xx.o(.text)
    SPI2_IRQHandler                          0x08000267   Thumb Code     0  startup_stm32f427xx.o(.text)
    SPI3_IRQHandler                          0x08000267   Thumb Code     0  startup_stm32f427xx.o(.text)
    SPI4_IRQHandler                          0x08000267   Thumb Code     0  startup_stm32f427xx.o(.text)
    SPI5_IRQHandler                          0x08000267   Thumb Code     0  startup_stm32f427xx.o(.text)
    SPI6_IRQHandler                          0x08000267   Thumb Code     0  startup_stm32f427xx.o(.text)
    TAMP_STAMP_IRQHandler                    0x08000267   Thumb Code     0  startup_stm32f427xx.o(.text)
    TIM1_BRK_TIM9_IRQHandler                 0x08000267   Thumb Code     0  startup_stm32f427xx.o(.text)
    TIM1_CC_IRQHandler                       0x08000267   Thumb Code     0  startup_stm32f427xx.o(.text)
    TIM1_TRG_COM_TIM11_IRQHandler            0x08000267   Thumb Code     0  startup_stm32f427xx.o(.text)
    TIM1_UP_TIM10_IRQHandler                 0x08000267   Thumb Code     0  startup_stm32f427xx.o(.text)
    TIM2_IRQHandler                          0x08000267   Thumb Code     0  startup_stm32f427xx.o(.text)
    TIM5_IRQHandler                          0x08000267   Thumb Code     0  startup_stm32f427xx.o(.text)
    TIM6_DAC_IRQHandler                      0x08000267   Thumb Code     0  startup_stm32f427xx.o(.text)
    TIM7_IRQHandler                          0x08000267   Thumb Code     0  startup_stm32f427xx.o(.text)
    TIM8_BRK_TIM12_IRQHandler                0x08000267   Thumb Code     0  startup_stm32f427xx.o(.text)
    TIM8_CC_IRQHandler                       0x08000267   Thumb Code     0  startup_stm32f427xx.o(.text)
    TIM8_TRG_COM_TIM14_IRQHandler            0x08000267   Thumb Code     0  startup_stm32f427xx.o(.text)
    TIM8_UP_TIM13_IRQHandler                 0x08000267   Thumb Code     0  startup_stm32f427xx.o(.text)
    UART4_IRQHandler                         0x08000267   Thumb Code     0  startup_stm32f427xx.o(.text)
    UART5_IRQHandler                         0x08000267   Thumb Code     0  startup_stm32f427xx.o(.text)
    USART1_IRQHandler                        0x08000267   Thumb Code     0  startup_stm32f427xx.o(.text)
    USART2_IRQHandler                        0x08000267   Thumb Code     0  startup_stm32f427xx.o(.text)
    USART3_IRQHandler                        0x08000267   Thumb Code     0  startup_stm32f427xx.o(.text)
    USART6_IRQHandler                        0x08000267   Thumb Code     0  startup_stm32f427xx.o(.text)
    WWDG_IRQHandler                          0x08000267   Thumb Code     0  startup_stm32f427xx.o(.text)
    __user_initial_stackheap                 0x08000269   Thumb Code     0  startup_stm32f427xx.o(.text)
    __aeabi_uldivmod                         0x0800028d   Thumb Code     0  lludivv7m.o(.text)
    _ll_udiv                                 0x0800028d   Thumb Code   238  lludivv7m.o(.text)
    __aeabi_memcpy                           0x0800037b   Thumb Code     0  rt_memcpy_v6.o(.text)
    __rt_memcpy                              0x0800037b   Thumb Code   138  rt_memcpy_v6.o(.text)
    _memcpy_lastbytes                        0x080003e1   Thumb Code     0  rt_memcpy_v6.o(.text)
    __aeabi_memclr4                          0x08000405   Thumb Code     0  rt_memclr_w.o(.text)
    __aeabi_memclr8                          0x08000405   Thumb Code     0  rt_memclr_w.o(.text)
    __rt_memclr_w                            0x08000405   Thumb Code    78  rt_memclr_w.o(.text)
    _memset_w                                0x08000409   Thumb Code     0  rt_memclr_w.o(.text)
    __use_two_region_memory                  0x08000453   Thumb Code     2  heapauxi.o(.text)
    __rt_heap_escrow$2region                 0x08000455   Thumb Code     2  heapauxi.o(.text)
    __rt_heap_expand$2region                 0x08000457   Thumb Code     2  heapauxi.o(.text)
    __aeabi_memcpy4                          0x08000459   Thumb Code     0  rt_memcpy_w.o(.text)
    __aeabi_memcpy8                          0x08000459   Thumb Code     0  rt_memcpy_w.o(.text)
    __rt_memcpy_w                            0x08000459   Thumb Code   100  rt_memcpy_w.o(.text)
    _memcpy_lastbytes_aligned                0x080004a1   Thumb Code     0  rt_memcpy_w.o(.text)
    __user_libspace                          0x080004bd   Thumb Code     8  libspace.o(.text)
    __user_perproc_libspace                  0x080004bd   Thumb Code     0  libspace.o(.text)
    __user_perthread_libspace                0x080004bd   Thumb Code     0  libspace.o(.text)
    __user_setup_stackheap                   0x080004c5   Thumb Code    74  sys_stackheap_outer.o(.text)
    exit                                     0x0800050f   Thumb Code    18  exit.o(.text)
    _sys_exit                                0x08000521   Thumb Code     8  sys_exit.o(.text)
    __I$use$semihosting                      0x0800052d   Thumb Code     0  use_no_semi.o(.text)
    __use_no_semihosting_swi                 0x0800052d   Thumb Code     2  use_no_semi.o(.text)
    __semihosting_library_function           0x0800052f   Thumb Code     0  indicate_semi.o(.text)
    Angle_Velocity                           0x08000531   Thumb Code   138  task.o(i.Angle_Velocity)
    BusFault_Handler                         0x080005d1   Thumb Code     4  stm32f4xx_it.o(i.BusFault_Handler)
    CAN2_RX0_IRQHandler                      0x080005d5   Thumb Code    10  stm32f4xx_it.o(i.CAN2_RX0_IRQHandler)
    DebugMon_Handler                         0x080005e5   Thumb Code     2  stm32f4xx_it.o(i.DebugMon_Handler)
    HAL_CAN_ActivateNotification             0x080005e7   Thumb Code    44  stm32f4xx_hal_can.o(i.HAL_CAN_ActivateNotification)
    HAL_CAN_AddTxMessage                     0x08000613   Thumb Code   298  stm32f4xx_hal_can.o(i.HAL_CAN_AddTxMessage)
    HAL_CAN_ConfigFilter                     0x0800073d   Thumb Code   288  stm32f4xx_hal_can.o(i.HAL_CAN_ConfigFilter)
    HAL_CAN_ErrorCallback                    0x08000861   Thumb Code     2  stm32f4xx_hal_can.o(i.HAL_CAN_ErrorCallback)
    HAL_CAN_GetRxMessage                     0x08000863   Thumb Code   392  stm32f4xx_hal_can.o(i.HAL_CAN_GetRxMessage)
    HAL_CAN_IRQHandler                       0x080009eb   Thumb Code   590  stm32f4xx_hal_can.o(i.HAL_CAN_IRQHandler)
    HAL_CAN_Init                             0x08000c39   Thumb Code   374  stm32f4xx_hal_can.o(i.HAL_CAN_Init)
    HAL_CAN_MspInit                          0x08000db1   Thumb Code   126  can.o(i.HAL_CAN_MspInit)
    HAL_CAN_RxFifo0FullCallback              0x08000e3d   Thumb Code     2  stm32f4xx_hal_can.o(i.HAL_CAN_RxFifo0FullCallback)
    HAL_CAN_RxFifo0MsgPendingCallback        0x08000e41   Thumb Code   216  odrive.o(i.HAL_CAN_RxFifo0MsgPendingCallback)
    HAL_CAN_RxFifo1FullCallback              0x08000f21   Thumb Code     2  stm32f4xx_hal_can.o(i.HAL_CAN_RxFifo1FullCallback)
    HAL_CAN_RxFifo1MsgPendingCallback        0x08000f23   Thumb Code     2  stm32f4xx_hal_can.o(i.HAL_CAN_RxFifo1MsgPendingCallback)
    HAL_CAN_SleepCallback                    0x08000f25   Thumb Code     2  stm32f4xx_hal_can.o(i.HAL_CAN_SleepCallback)
    HAL_CAN_Start                            0x08000f27   Thumb Code    96  stm32f4xx_hal_can.o(i.HAL_CAN_Start)
    HAL_CAN_TxMailbox0AbortCallback          0x08000f87   Thumb Code     2  stm32f4xx_hal_can.o(i.HAL_CAN_TxMailbox0AbortCallback)
    HAL_CAN_TxMailbox0CompleteCallback       0x08000f89   Thumb Code     2  stm32f4xx_hal_can.o(i.HAL_CAN_TxMailbox0CompleteCallback)
    HAL_CAN_TxMailbox1AbortCallback          0x08000f8b   Thumb Code     2  stm32f4xx_hal_can.o(i.HAL_CAN_TxMailbox1AbortCallback)
    HAL_CAN_TxMailbox1CompleteCallback       0x08000f8d   Thumb Code     2  stm32f4xx_hal_can.o(i.HAL_CAN_TxMailbox1CompleteCallback)
    HAL_CAN_TxMailbox2AbortCallback          0x08000f8f   Thumb Code     2  stm32f4xx_hal_can.o(i.HAL_CAN_TxMailbox2AbortCallback)
    HAL_CAN_TxMailbox2CompleteCallback       0x08000f91   Thumb Code     2  stm32f4xx_hal_can.o(i.HAL_CAN_TxMailbox2CompleteCallback)
    HAL_CAN_WakeUpFromRxMsgCallback          0x08000f93   Thumb Code     2  stm32f4xx_hal_can.o(i.HAL_CAN_WakeUpFromRxMsgCallback)
    HAL_Delay                                0x08000f95   Thumb Code    36  stm32f4xx_hal.o(i.HAL_Delay)
    HAL_GPIO_Init                            0x08000fbd   Thumb Code   486  stm32f4xx_hal_gpio.o(i.HAL_GPIO_Init)
    HAL_GPIO_WritePin                        0x080011d9   Thumb Code    12  stm32f4xx_hal_gpio.o(i.HAL_GPIO_WritePin)
    HAL_GetTick                              0x080011e5   Thumb Code     6  stm32f4xx_hal.o(i.HAL_GetTick)
    HAL_I2C_Init                             0x080011f1   Thumb Code   286  stm32f4xx_hal_i2c.o(i.HAL_I2C_Init)
    HAL_I2C_MspInit                          0x08001319   Thumb Code    78  i2c.o(i.HAL_I2C_MspInit)
    HAL_IncTick                              0x08001375   Thumb Code    16  stm32f4xx_hal.o(i.HAL_IncTick)
    HAL_Init                                 0x0800138d   Thumb Code    54  stm32f4xx_hal.o(i.HAL_Init)
    HAL_InitTick                             0x080013c9   Thumb Code    64  stm32f4xx_hal.o(i.HAL_InitTick)
    HAL_MspInit                              0x08001415   Thumb Code    86  stm32f4xx_hal_msp.o(i.HAL_MspInit)
    HAL_NVIC_EnableIRQ                       0x0800146b   Thumb Code    26  stm32f4xx_hal_cortex.o(i.HAL_NVIC_EnableIRQ)
    HAL_NVIC_SetPriority                     0x08001485   Thumb Code   124  stm32f4xx_hal_cortex.o(i.HAL_NVIC_SetPriority)
    HAL_NVIC_SetPriorityGrouping             0x08001501   Thumb Code    32  stm32f4xx_hal_cortex.o(i.HAL_NVIC_SetPriorityGrouping)
    HAL_RCC_ClockConfig                      0x08001529   Thumb Code   366  stm32f4xx_hal_rcc.o(i.HAL_RCC_ClockConfig)
    HAL_RCC_GetHCLKFreq                      0x080016a9   Thumb Code     6  stm32f4xx_hal_rcc.o(i.HAL_RCC_GetHCLKFreq)
    HAL_RCC_GetPCLK1Freq                     0x080016b5   Thumb Code    22  stm32f4xx_hal_rcc.o(i.HAL_RCC_GetPCLK1Freq)
    HAL_RCC_GetSysClockFreq                  0x080016d5   Thumb Code   162  stm32f4xx_hal_rcc.o(i.HAL_RCC_GetSysClockFreq)
    HAL_RCC_OscConfig                        0x08001785   Thumb Code  1086  stm32f4xx_hal_rcc.o(i.HAL_RCC_OscConfig)
    HAL_SYSTICK_CLKSourceConfig              0x08001bcd   Thumb Code    40  stm32f4xx_hal_cortex.o(i.HAL_SYSTICK_CLKSourceConfig)
    HAL_SYSTICK_Callback                     0x08001bf5   Thumb Code     2  stm32f4xx_hal_cortex.o(i.HAL_SYSTICK_Callback)
    HAL_SYSTICK_Config                       0x08001bf7   Thumb Code    52  stm32f4xx_hal_cortex.o(i.HAL_SYSTICK_Config)
    HAL_SYSTICK_IRQHandler                   0x08001c2b   Thumb Code     8  stm32f4xx_hal_cortex.o(i.HAL_SYSTICK_IRQHandler)
    HAL_TIMEx_BreakCallback                  0x08001c33   Thumb Code     2  stm32f4xx_hal_tim_ex.o(i.HAL_TIMEx_BreakCallback)
    HAL_TIMEx_CommutationCallback            0x08001c35   Thumb Code     2  stm32f4xx_hal_tim_ex.o(i.HAL_TIMEx_CommutationCallback)
    HAL_TIMEx_MasterConfigSynchronization    0x08001c37   Thumb Code    98  stm32f4xx_hal_tim_ex.o(i.HAL_TIMEx_MasterConfigSynchronization)
    HAL_TIM_Base_Init                        0x08001c99   Thumb Code    52  stm32f4xx_hal_tim.o(i.HAL_TIM_Base_Init)
    HAL_TIM_Base_MspInit                     0x08001ccd   Thumb Code   120  tim.o(i.HAL_TIM_Base_MspInit)
    HAL_TIM_Base_Start_IT                    0x08001d51   Thumb Code    30  stm32f4xx_hal_tim.o(i.HAL_TIM_Base_Start_IT)
    HAL_TIM_IC_CaptureCallback               0x08001d6f   Thumb Code     2  stm32f4xx_hal_tim.o(i.HAL_TIM_IC_CaptureCallback)
    HAL_TIM_IRQHandler                       0x08001d71   Thumb Code   406  stm32f4xx_hal_tim.o(i.HAL_TIM_IRQHandler)
    HAL_TIM_MspPostInit                      0x08001f09   Thumb Code    44  tim.o(i.HAL_TIM_MspPostInit)
    HAL_TIM_OC_DelayElapsedCallback          0x08001f39   Thumb Code     2  stm32f4xx_hal_tim.o(i.HAL_TIM_OC_DelayElapsedCallback)
    HAL_TIM_PWM_ConfigChannel                0x08001f3b   Thumb Code   264  stm32f4xx_hal_tim.o(i.HAL_TIM_PWM_ConfigChannel)
    HAL_TIM_PWM_Init                         0x08002043   Thumb Code    52  stm32f4xx_hal_tim.o(i.HAL_TIM_PWM_Init)
    HAL_TIM_PWM_MspInit                      0x08002079   Thumb Code    44  tim.o(i.HAL_TIM_PWM_MspInit)
    HAL_TIM_PWM_PulseFinishedCallback        0x080020a9   Thumb Code     2  stm32f4xx_hal_tim.o(i.HAL_TIM_PWM_PulseFinishedCallback)
    HAL_TIM_PWM_Start                        0x080020ad   Thumb Code    68  stm32f4xx_hal_tim.o(i.HAL_TIM_PWM_Start)
    HAL_TIM_PeriodElapsedCallback            0x080020f9   Thumb Code   154  task.o(i.HAL_TIM_PeriodElapsedCallback)
    HAL_TIM_TriggerCallback                  0x080021b1   Thumb Code     2  stm32f4xx_hal_tim.o(i.HAL_TIM_TriggerCallback)
    HardFault_Handler                        0x080021b3   Thumb Code     4  stm32f4xx_it.o(i.HardFault_Handler)
    LL_GPIO_Init                             0x080021d5   Thumb Code   324  stm32f4xx_ll_gpio.o(i.LL_GPIO_Init)
    LL_RCC_GetSystemClocksFreq               0x08002319   Thumb Code    36  stm32f4xx_ll_rcc.o(i.LL_RCC_GetSystemClocksFreq)
    LL_USART_Init                            0x08002375   Thumb Code   190  stm32f4xx_ll_usart.o(i.LL_USART_Init)
    MX_CAN2_Init                             0x080025a1   Thumb Code    58  can.o(i.MX_CAN2_Init)
    MX_GPIO_Init                             0x080025f5   Thumb Code   262  gpio.o(i.MX_GPIO_Init)
    MX_I2C2_Init                             0x08002709   Thumb Code    52  i2c.o(i.MX_I2C2_Init)
    MX_TIM2_Init                             0x08002759   Thumb Code   114  tim.o(i.MX_TIM2_Init)
    MX_TIM3_Init                             0x080027e1   Thumb Code    44  tim.o(i.MX_TIM3_Init)
    MX_UART7_Init                            0x08002825   Thumb Code   124  usart.o(i.MX_UART7_Init)
    MX_UART8_Init                            0x080028a9   Thumb Code   122  usart.o(i.MX_UART8_Init)
    MemManage_Handler                        0x0800292d   Thumb Code     4  stm32f4xx_it.o(i.MemManage_Handler)
    NMI_Handler                              0x08002931   Thumb Code     2  stm32f4xx_it.o(i.NMI_Handler)
    PendSV_Handler                           0x080029f9   Thumb Code     2  stm32f4xx_it.o(i.PendSV_Handler)
    RCC_GetHCLKClockFreq                     0x080029fd   Thumb Code    24  stm32f4xx_ll_rcc.o(i.RCC_GetHCLKClockFreq)
    RCC_GetPCLK1ClockFreq                    0x08002a1d   Thumb Code    26  stm32f4xx_ll_rcc.o(i.RCC_GetPCLK1ClockFreq)
    RCC_GetPCLK2ClockFreq                    0x08002a41   Thumb Code    26  stm32f4xx_ll_rcc.o(i.RCC_GetPCLK2ClockFreq)
    RCC_GetSystemClockFreq                   0x08002a65   Thumb Code    54  stm32f4xx_ll_rcc.o(i.RCC_GetSystemClockFreq)
    RCC_PLL_GetFreqDomain_SYS                0x08002aa9   Thumb Code   100  stm32f4xx_ll_rcc.o(i.RCC_PLL_GetFreqDomain_SYS)
    SVC_Handler                              0x08002b19   Thumb Code     2  stm32f4xx_it.o(i.SVC_Handler)
    SysTick_Handler                          0x08002b1b   Thumb Code    12  stm32f4xx_it.o(i.SysTick_Handler)
    SystemClock_Config                       0x08002b29   Thumb Code   196  main.o(i.SystemClock_Config)
    SystemInit                               0x08002c05   Thumb Code    82  system_stm32f4xx.o(i.SystemInit)
    TIM3_IRQHandler                          0x08002c69   Thumb Code    10  stm32f4xx_it.o(i.TIM3_IRQHandler)
    TIM4_IRQHandler                          0x08002c79   Thumb Code    10  stm32f4xx_it.o(i.TIM4_IRQHandler)
    TIM_Base_SetConfig                       0x08002c89   Thumb Code   184  stm32f4xx_hal_tim.o(i.TIM_Base_SetConfig)
    TIM_CCxChannelCmd                        0x08002d6d   Thumb Code    28  stm32f4xx_hal_tim.o(i.TIM_CCxChannelCmd)
    TIM_OC2_SetConfig                        0x08002df9   Thumb Code   112  stm32f4xx_hal_tim.o(i.TIM_OC2_SetConfig)
    UART7_IRQHandler                         0x08002f49   Thumb Code     2  upper.o(i.UART7_IRQHandler)
    UART8_IRQHandler                         0x08002f4d   Thumb Code    66  imu.o(i.UART8_IRQHandler)
    UsageFault_Handler                       0x08002f99   Thumb Code     4  stm32f4xx_it.o(i.UsageFault_Handler)
    Velocity_Control                         0x08002f9d   Thumb Code   128  task.o(i.Velocity_Control)
    X_balance_Control                        0x08003031   Thumb Code   120  task.o(i.X_balance_Control)
    _Error_Handler                           0x080030b1   Thumb Code     4  main.o(i._Error_Handler)
    balance                                  0x080030b5   Thumb Code   340  task.o(i.balance)
    imu_data_decode_init                     0x08003275   Thumb Code    14  imu_data_decode.o(i.imu_data_decode_init)
    imu_get                                  0x0800328d   Thumb Code   102  imu.o(i.imu_get)
    imu_init                                 0x08003301   Thumb Code     8  imu.o(i.imu_init)
    key_init                                 0x08003309   Thumb Code    32  key.o(i.key_init)
    low_pass_filter                          0x0800332d   Thumb Code    60  imu.o(i.low_pass_filter)
    main                                     0x08003375   Thumb Code    86  main.o(i.main)
    odrive_canFilter_init                    0x080033dd   Thumb Code    58  odrive.o(i.odrive_canFilter_init)
    odrive_init                              0x0800341d   Thumb Code    98  odrive.o(i.odrive_init)
    odrive_speed_ctrl                        0x08003489   Thumb Code   104  odrive.o(i.odrive_speed_ctrl)
    packet_decode                            0x08003759   Thumb Code   326  packet.o(i.packet_decode)
    packet_decode_init                       0x080038bd   Thumb Code    26  packet.o(i.packet_decode_init)
    param_init                               0x080038e1   Thumb Code   142  task.o(i.param_init)
    rate_set                                 0x08003999   Thumb Code    32  task.o(i.rate_set)
    servo_init                               0x080039c5   Thumb Code    16  servo.o(i.servo_init)
    _fp_init                                 0x08003a03   Thumb Code    10  fpinit.o(x$fpl$fpinit)
    __fplib_config_fpu_vfp                   0x08003a0b   Thumb Code     0  fpinit.o(x$fpl$fpinit)
    __fplib_config_pureend_doubles           0x08003a0b   Thumb Code     0  fpinit.o(x$fpl$fpinit)
    AHBPrescTable                            0x08003a18   Data          16  system_stm32f4xx.o(.constdata)
    APBPrescTable                            0x08003a28   Data           8  system_stm32f4xx.o(.constdata)
    Region$$Table$$Base                      0x08003a30   Number         0  anon$$obj.o(Region$$Table)
    Region$$Table$$Limit                     0x08003a50   Number         0  anon$$obj.o(Region$$Table)
    rxbuf                                    0x20000000   Data           1  imu.o(.data)
    alpha                                    0x20000004   Data           4  imu.o(.data)
    bitmap                                   0x2000000d   Data           1  imu_data_decode.o(.data)
    frame_count                              0x20000010   Data           4  packet.o(.data)
    key_flag                                 0x20000028   Data           4  main.o(.data)
    key_times                                0x2000002c   Data           4  main.o(.data)
    status1                                  0x20000030   Data           1  odrive.o(.data)
    status2                                  0x20000031   Data           1  odrive.o(.data)
    fast_rate                                0x20000034   Data           4  task.o(.data)
    slow_rate                                0x20000038   Data           4  task.o(.data)
    mid_rate                                 0x2000003c   Data           4  task.o(.data)
    PWM_X                                    0x20000040   Data           4  task.o(.data)
    PWM_accel                                0x20000044   Data           4  task.o(.data)
    PWM_Final                                0x20000048   Data           4  task.o(.data)
    cnt                                      0x2000004c   Data           4  task.o(.data)
    cnt1                                     0x20000050   Data           4  task.o(.data)
    cnt_vel_callback1                        0x20000054   Data           4  task.o(.data)
    cnt_vel_set1                             0x20000058   Data           4  task.o(.data)
    cnt_balance                              0x2000005c   Data           4  task.o(.data)
    cnt_rate                                 0x20000060   Data           4  task.o(.data)
    rate                                     0x20000064   Data           4  task.o(.data)
    start_yaw0                               0x20000068   Data           4  task.o(.data)
    last_rate                                0x2000006c   Data           4  task.o(.data)
    delta_x_buf                              0x20000080   Data           2  upper.o(.data)
    error_y                                  0x20000082   Data           2  upper.o(.data)
    buf                                      0x20000084   Data           1  upper.o(.data)
    buf_temp                                 0x20000085   Data           1  upper.o(.data)
    state                                    0x20000086   Data           1  upper.o(.data)
    cnttt                                    0x20000088   Data           4  upper.o(.data)
    buf2                                     0x2000008c   Data           4  upper.o(.data)
    ii                                       0x20000090   Data           1  upper.o(.data)
    low_speed_flag                           0x20000091   Data           1  upper.o(.data)
    head_buf                                 0x20000092   Data           1  upper.o(.data)
    back_center_data                         0x20000093   Data           5  upper.o(.data)
    uwTick                                   0x2000009c   Data           4  stm32f4xx_hal.o(.data)
    uwTickPrio                               0x200000a0   Data           4  stm32f4xx_hal.o(.data)
    uwTickFreq                               0x200000a4   Data           1  stm32f4xx_hal.o(.data)
    SystemCoreClock                          0x200000a8   Data           4  system_stm32f4xx.o(.data)
    imu                                      0x200000ac   Data          36  imu.o(.bss)
    id0x91                                   0x200008dc   Data          76  imu_data_decode.o(.bss)
    id0x62                                   0x20000928   Data        1219  imu_data_decode.o(.bss)
    odrive                                   0x20000dec   Data          48  odrive.o(.bss)
    param                                    0x20000e1c   Data          80  task.o(.bss)
    hcan2                                    0x20000e6c   Data          40  can.o(.bss)
    htim2                                    0x20000e94   Data          60  tim.o(.bss)
    htim4                                    0x20000ed0   Data          60  tim.o(.bss)
    htim3                                    0x20000f0c   Data          60  tim.o(.bss)
    hi2c2                                    0x20000f48   Data          84  i2c.o(.bss)
    __libspace_start                         0x20000f9c   Data          96  libspace.o(.bss)
    __temporary_stack_top$libspace           0x20000ffc   Data           0  libspace.o(.bss)



==============================================================================

Memory Map of the image

  Image Entry point : 0x080001ad

  Load Region LR_IROM1 (Base: 0x08000000, Size: 0x00003afc, Max: 0x00200000, ABSOLUTE)

    Execution Region ER_IROM1 (Exec base: 0x08000000, Load base: 0x08000000, Size: 0x00003a50, Max: 0x00200000, ABSOLUTE)

    Exec Addr    Load Addr    Size         Type   Attr      Idx    E Section Name        Object

    0x08000000   0x08000000   0x000001ac   Data   RO            3    RESET               startup_stm32f427xx.o
    0x080001ac   0x080001ac   0x00000008   Code   RO         4963  * !!!main             c_w.l(__main.o)
    0x080001b4   0x080001b4   0x00000034   Code   RO         5290    !!!scatter          c_w.l(__scatter.o)
    0x080001e8   0x080001e8   0x0000001a   Code   RO         5292    !!handler_copy      c_w.l(__scatter_copy.o)
    0x08000202   0x08000202   0x00000002   PAD
    0x08000204   0x08000204   0x0000001c   Code   RO         5294    !!handler_zi        c_w.l(__scatter_zi.o)
    0x08000220   0x08000220   0x00000002   Code   RO         5163    .ARM.Collect$$libinit$$00000000  c_w.l(libinit.o)
    0x08000222   0x08000222   0x00000004   Code   RO         5164    .ARM.Collect$$libinit$$00000001  c_w.l(libinit2.o)
    0x08000226   0x08000226   0x00000000   Code   RO         5167    .ARM.Collect$$libinit$$00000004  c_w.l(libinit2.o)
    0x08000226   0x08000226   0x00000000   Code   RO         5170    .ARM.Collect$$libinit$$0000000A  c_w.l(libinit2.o)
    0x08000226   0x08000226   0x00000000   Code   RO         5172    .ARM.Collect$$libinit$$0000000C  c_w.l(libinit2.o)
    0x08000226   0x08000226   0x00000000   Code   RO         5174    .ARM.Collect$$libinit$$0000000E  c_w.l(libinit2.o)
    0x08000226   0x08000226   0x00000000   Code   RO         5177    .ARM.Collect$$libinit$$00000011  c_w.l(libinit2.o)
    0x08000226   0x08000226   0x00000000   Code   RO         5179    .ARM.Collect$$libinit$$00000013  c_w.l(libinit2.o)
    0x08000226   0x08000226   0x00000000   Code   RO         5181    .ARM.Collect$$libinit$$00000015  c_w.l(libinit2.o)
    0x08000226   0x08000226   0x00000000   Code   RO         5183    .ARM.Collect$$libinit$$00000017  c_w.l(libinit2.o)
    0x08000226   0x08000226   0x00000000   Code   RO         5185    .ARM.Collect$$libinit$$00000019  c_w.l(libinit2.o)
    0x08000226   0x08000226   0x00000000   Code   RO         5187    .ARM.Collect$$libinit$$0000001B  c_w.l(libinit2.o)
    0x08000226   0x08000226   0x00000000   Code   RO         5189    .ARM.Collect$$libinit$$0000001D  c_w.l(libinit2.o)
    0x08000226   0x08000226   0x00000000   Code   RO         5191    .ARM.Collect$$libinit$$0000001F  c_w.l(libinit2.o)
    0x08000226   0x08000226   0x00000000   Code   RO         5193    .ARM.Collect$$libinit$$00000021  c_w.l(libinit2.o)
    0x08000226   0x08000226   0x00000000   Code   RO         5195    .ARM.Collect$$libinit$$00000023  c_w.l(libinit2.o)
    0x08000226   0x08000226   0x00000000   Code   RO         5197    .ARM.Collect$$libinit$$00000025  c_w.l(libinit2.o)
    0x08000226   0x08000226   0x00000000   Code   RO         5201    .ARM.Collect$$libinit$$0000002C  c_w.l(libinit2.o)
    0x08000226   0x08000226   0x00000000   Code   RO         5203    .ARM.Collect$$libinit$$0000002E  c_w.l(libinit2.o)
    0x08000226   0x08000226   0x00000000   Code   RO         5205    .ARM.Collect$$libinit$$00000030  c_w.l(libinit2.o)
    0x08000226   0x08000226   0x00000000   Code   RO         5207    .ARM.Collect$$libinit$$00000032  c_w.l(libinit2.o)
    0x08000226   0x08000226   0x00000002   Code   RO         5208    .ARM.Collect$$libinit$$00000033  c_w.l(libinit2.o)
    0x08000228   0x08000228   0x00000002   Code   RO         5255    .ARM.Collect$$libshutdown$$00000000  c_w.l(libshutdown.o)
    0x0800022a   0x0800022a   0x00000000   Code   RO         5273    .ARM.Collect$$libshutdown$$00000002  c_w.l(libshutdown2.o)
    0x0800022a   0x0800022a   0x00000000   Code   RO         5275    .ARM.Collect$$libshutdown$$00000004  c_w.l(libshutdown2.o)
    0x0800022a   0x0800022a   0x00000000   Code   RO         5278    .ARM.Collect$$libshutdown$$00000007  c_w.l(libshutdown2.o)
    0x0800022a   0x0800022a   0x00000000   Code   RO         5281    .ARM.Collect$$libshutdown$$0000000A  c_w.l(libshutdown2.o)
    0x0800022a   0x0800022a   0x00000000   Code   RO         5283    .ARM.Collect$$libshutdown$$0000000C  c_w.l(libshutdown2.o)
    0x0800022a   0x0800022a   0x00000000   Code   RO         5286    .ARM.Collect$$libshutdown$$0000000F  c_w.l(libshutdown2.o)
    0x0800022a   0x0800022a   0x00000002   Code   RO         5287    .ARM.Collect$$libshutdown$$00000010  c_w.l(libshutdown2.o)
    0x0800022c   0x0800022c   0x00000000   Code   RO         5011    .ARM.Collect$$rtentry$$00000000  c_w.l(__rtentry.o)
    0x0800022c   0x0800022c   0x00000000   Code   RO         5067    .ARM.Collect$$rtentry$$00000002  c_w.l(__rtentry2.o)
    0x0800022c   0x0800022c   0x00000006   Code   RO         5079    .ARM.Collect$$rtentry$$00000004  c_w.l(__rtentry4.o)
    0x08000232   0x08000232   0x00000000   Code   RO         5069    .ARM.Collect$$rtentry$$00000009  c_w.l(__rtentry2.o)
    0x08000232   0x08000232   0x00000004   Code   RO         5070    .ARM.Collect$$rtentry$$0000000A  c_w.l(__rtentry2.o)
    0x08000236   0x08000236   0x00000000   Code   RO         5072    .ARM.Collect$$rtentry$$0000000C  c_w.l(__rtentry2.o)
    0x08000236   0x08000236   0x00000008   Code   RO         5073    .ARM.Collect$$rtentry$$0000000D  c_w.l(__rtentry2.o)
    0x0800023e   0x0800023e   0x00000002   Code   RO         5209    .ARM.Collect$$rtexit$$00000000  c_w.l(rtexit.o)
    0x08000240   0x08000240   0x00000000   Code   RO         5224    .ARM.Collect$$rtexit$$00000002  c_w.l(rtexit2.o)
    0x08000240   0x08000240   0x00000004   Code   RO         5225    .ARM.Collect$$rtexit$$00000003  c_w.l(rtexit2.o)
    0x08000244   0x08000244   0x00000006   Code   RO         5226    .ARM.Collect$$rtexit$$00000004  c_w.l(rtexit2.o)
    0x0800024a   0x0800024a   0x00000002   PAD
    0x0800024c   0x0800024c   0x00000040   Code   RO            4    .text               startup_stm32f427xx.o
    0x0800028c   0x0800028c   0x000000ee   Code   RO         4925    .text               c_w.l(lludivv7m.o)
    0x0800037a   0x0800037a   0x0000008a   Code   RO         4955    .text               c_w.l(rt_memcpy_v6.o)
    0x08000404   0x08000404   0x0000004e   Code   RO         4959    .text               c_w.l(rt_memclr_w.o)
    0x08000452   0x08000452   0x00000006   Code   RO         4961    .text               c_w.l(heapauxi.o)
    0x08000458   0x08000458   0x00000064   Code   RO         5025    .text               c_w.l(rt_memcpy_w.o)
    0x080004bc   0x080004bc   0x00000008   Code   RO         5145    .text               c_w.l(libspace.o)
    0x080004c4   0x080004c4   0x0000004a   Code   RO         5148    .text               c_w.l(sys_stackheap_outer.o)
    0x0800050e   0x0800050e   0x00000012   Code   RO         5150    .text               c_w.l(exit.o)
    0x08000520   0x08000520   0x0000000c   Code   RO         5221    .text               c_w.l(sys_exit.o)
    0x0800052c   0x0800052c   0x00000002   Code   RO         5242    .text               c_w.l(use_no_semi.o)
    0x0800052e   0x0800052e   0x00000000   Code   RO         5244    .text               c_w.l(indicate_semi.o)
    0x0800052e   0x0800052e   0x00000002   PAD
    0x08000530   0x08000530   0x000000a0   Code   RO          669    i.Angle_Velocity    task.o
    0x080005d0   0x080005d0   0x00000004   Code   RO           13    i.BusFault_Handler  stm32f4xx_it.o
    0x080005d4   0x080005d4   0x00000010   Code   RO           14    i.CAN2_RX0_IRQHandler  stm32f4xx_it.o
    0x080005e4   0x080005e4   0x00000002   Code   RO           15    i.DebugMon_Handler  stm32f4xx_it.o
    0x080005e6   0x080005e6   0x0000002c   Code   RO         1291    i.HAL_CAN_ActivateNotification  stm32f4xx_hal_can.o
    0x08000612   0x08000612   0x0000012a   Code   RO         1292    i.HAL_CAN_AddTxMessage  stm32f4xx_hal_can.o
    0x0800073c   0x0800073c   0x00000124   Code   RO         1293    i.HAL_CAN_ConfigFilter  stm32f4xx_hal_can.o
    0x08000860   0x08000860   0x00000002   Code   RO         1296    i.HAL_CAN_ErrorCallback  stm32f4xx_hal_can.o
    0x08000862   0x08000862   0x00000188   Code   RO         1299    i.HAL_CAN_GetRxMessage  stm32f4xx_hal_can.o
    0x080009ea   0x080009ea   0x0000024e   Code   RO         1303    i.HAL_CAN_IRQHandler  stm32f4xx_hal_can.o
    0x08000c38   0x08000c38   0x00000176   Code   RO         1304    i.HAL_CAN_Init      stm32f4xx_hal_can.o
    0x08000dae   0x08000dae   0x00000002   PAD
    0x08000db0   0x08000db0   0x0000008c   Code   RO          796    i.HAL_CAN_MspInit   can.o
    0x08000e3c   0x08000e3c   0x00000002   Code   RO         1311    i.HAL_CAN_RxFifo0FullCallback  stm32f4xx_hal_can.o
    0x08000e3e   0x08000e3e   0x00000002   PAD
    0x08000e40   0x08000e40   0x000000e0   Code   RO          613    i.HAL_CAN_RxFifo0MsgPendingCallback  odrive.o
    0x08000f20   0x08000f20   0x00000002   Code   RO         1313    i.HAL_CAN_RxFifo1FullCallback  stm32f4xx_hal_can.o
    0x08000f22   0x08000f22   0x00000002   Code   RO         1314    i.HAL_CAN_RxFifo1MsgPendingCallback  stm32f4xx_hal_can.o
    0x08000f24   0x08000f24   0x00000002   Code   RO         1315    i.HAL_CAN_SleepCallback  stm32f4xx_hal_can.o
    0x08000f26   0x08000f26   0x00000060   Code   RO         1316    i.HAL_CAN_Start     stm32f4xx_hal_can.o
    0x08000f86   0x08000f86   0x00000002   Code   RO         1318    i.HAL_CAN_TxMailbox0AbortCallback  stm32f4xx_hal_can.o
    0x08000f88   0x08000f88   0x00000002   Code   RO         1319    i.HAL_CAN_TxMailbox0CompleteCallback  stm32f4xx_hal_can.o
    0x08000f8a   0x08000f8a   0x00000002   Code   RO         1320    i.HAL_CAN_TxMailbox1AbortCallback  stm32f4xx_hal_can.o
    0x08000f8c   0x08000f8c   0x00000002   Code   RO         1321    i.HAL_CAN_TxMailbox1CompleteCallback  stm32f4xx_hal_can.o
    0x08000f8e   0x08000f8e   0x00000002   Code   RO         1322    i.HAL_CAN_TxMailbox2AbortCallback  stm32f4xx_hal_can.o
    0x08000f90   0x08000f90   0x00000002   Code   RO         1323    i.HAL_CAN_TxMailbox2CompleteCallback  stm32f4xx_hal_can.o
    0x08000f92   0x08000f92   0x00000002   Code   RO         1325    i.HAL_CAN_WakeUpFromRxMsgCallback  stm32f4xx_hal_can.o
    0x08000f94   0x08000f94   0x00000028   Code   RO         2552    i.HAL_Delay         stm32f4xx_hal.o
    0x08000fbc   0x08000fbc   0x0000021c   Code   RO         1992    i.HAL_GPIO_Init     stm32f4xx_hal_gpio.o
    0x080011d8   0x080011d8   0x0000000c   Code   RO         1996    i.HAL_GPIO_WritePin  stm32f4xx_hal_gpio.o
    0x080011e4   0x080011e4   0x0000000c   Code   RO         2560    i.HAL_GetTick       stm32f4xx_hal.o
    0x080011f0   0x080011f0   0x00000128   Code   RO         4465    i.HAL_I2C_Init      stm32f4xx_hal_i2c.o
    0x08001318   0x08001318   0x0000005c   Code   RO          966    i.HAL_I2C_MspInit   i2c.o
    0x08001374   0x08001374   0x00000018   Code   RO         2564    i.HAL_IncTick       stm32f4xx_hal.o
    0x0800138c   0x0800138c   0x0000003c   Code   RO         2565    i.HAL_Init          stm32f4xx_hal.o
    0x080013c8   0x080013c8   0x0000004c   Code   RO         2566    i.HAL_InitTick      stm32f4xx_hal.o
    0x08001414   0x08001414   0x00000056   Code   RO          242    i.HAL_MspInit       stm32f4xx_hal_msp.o
    0x0800146a   0x0800146a   0x0000001a   Code   RO         2408    i.HAL_NVIC_EnableIRQ  stm32f4xx_hal_cortex.o
    0x08001484   0x08001484   0x0000007c   Code   RO         2414    i.HAL_NVIC_SetPriority  stm32f4xx_hal_cortex.o
    0x08001500   0x08001500   0x00000028   Code   RO         2415    i.HAL_NVIC_SetPriorityGrouping  stm32f4xx_hal_cortex.o
    0x08001528   0x08001528   0x00000180   Code   RO         1527    i.HAL_RCC_ClockConfig  stm32f4xx_hal_rcc.o
    0x080016a8   0x080016a8   0x0000000c   Code   RO         1532    i.HAL_RCC_GetHCLKFreq  stm32f4xx_hal_rcc.o
    0x080016b4   0x080016b4   0x00000020   Code   RO         1534    i.HAL_RCC_GetPCLK1Freq  stm32f4xx_hal_rcc.o
    0x080016d4   0x080016d4   0x000000b0   Code   RO         1536    i.HAL_RCC_GetSysClockFreq  stm32f4xx_hal_rcc.o
    0x08001784   0x08001784   0x00000448   Code   RO         1539    i.HAL_RCC_OscConfig  stm32f4xx_hal_rcc.o
    0x08001bcc   0x08001bcc   0x00000028   Code   RO         2417    i.HAL_SYSTICK_CLKSourceConfig  stm32f4xx_hal_cortex.o
    0x08001bf4   0x08001bf4   0x00000002   Code   RO         2418    i.HAL_SYSTICK_Callback  stm32f4xx_hal_cortex.o
    0x08001bf6   0x08001bf6   0x00000034   Code   RO         2419    i.HAL_SYSTICK_Config  stm32f4xx_hal_cortex.o
    0x08001c2a   0x08001c2a   0x00000008   Code   RO         2420    i.HAL_SYSTICK_IRQHandler  stm32f4xx_hal_cortex.o
    0x08001c32   0x08001c32   0x00000002   Code   RO         3684    i.HAL_TIMEx_BreakCallback  stm32f4xx_hal_tim_ex.o
    0x08001c34   0x08001c34   0x00000002   Code   RO         3685    i.HAL_TIMEx_CommutationCallback  stm32f4xx_hal_tim_ex.o
    0x08001c36   0x08001c36   0x00000062   Code   RO         3701    i.HAL_TIMEx_MasterConfigSynchronization  stm32f4xx_hal_tim_ex.o
    0x08001c98   0x08001c98   0x00000034   Code   RO         3043    i.HAL_TIM_Base_Init  stm32f4xx_hal_tim.o
    0x08001ccc   0x08001ccc   0x00000084   Code   RO          880    i.HAL_TIM_Base_MspInit  tim.o
    0x08001d50   0x08001d50   0x0000001e   Code   RO         3048    i.HAL_TIM_Base_Start_IT  stm32f4xx_hal_tim.o
    0x08001d6e   0x08001d6e   0x00000002   Code   RO         3072    i.HAL_TIM_IC_CaptureCallback  stm32f4xx_hal_tim.o
    0x08001d70   0x08001d70   0x00000196   Code   RO         3085    i.HAL_TIM_IRQHandler  stm32f4xx_hal_tim.o
    0x08001f06   0x08001f06   0x00000002   PAD
    0x08001f08   0x08001f08   0x00000030   Code   RO          881    i.HAL_TIM_MspPostInit  tim.o
    0x08001f38   0x08001f38   0x00000002   Code   RO         3088    i.HAL_TIM_OC_DelayElapsedCallback  stm32f4xx_hal_tim.o
    0x08001f3a   0x08001f3a   0x00000108   Code   RO         3109    i.HAL_TIM_PWM_ConfigChannel  stm32f4xx_hal_tim.o
    0x08002042   0x08002042   0x00000034   Code   RO         3112    i.HAL_TIM_PWM_Init  stm32f4xx_hal_tim.o
    0x08002076   0x08002076   0x00000002   PAD
    0x08002078   0x08002078   0x00000030   Code   RO          882    i.HAL_TIM_PWM_MspInit  tim.o
    0x080020a8   0x080020a8   0x00000002   Code   RO         3115    i.HAL_TIM_PWM_PulseFinishedCallback  stm32f4xx_hal_tim.o
    0x080020aa   0x080020aa   0x00000002   PAD
    0x080020ac   0x080020ac   0x0000004c   Code   RO         3116    i.HAL_TIM_PWM_Start  stm32f4xx_hal_tim.o
    0x080020f8   0x080020f8   0x000000b8   Code   RO          670    i.HAL_TIM_PeriodElapsedCallback  task.o
    0x080021b0   0x080021b0   0x00000002   Code   RO         3126    i.HAL_TIM_TriggerCallback  stm32f4xx_hal_tim.o
    0x080021b2   0x080021b2   0x00000004   Code   RO           16    i.HardFault_Handler  stm32f4xx_it.o
    0x080021b6   0x080021b6   0x00000002   PAD
    0x080021b8   0x080021b8   0x0000001c   Code   RO          536    i.LL_APB1_GRP1_EnableClock  usart.o
    0x080021d4   0x080021d4   0x00000144   Code   RO         4014    i.LL_GPIO_Init      stm32f4xx_ll_gpio.o
    0x08002318   0x08002318   0x00000024   Code   RO         2734    i.LL_RCC_GetSystemClocksFreq  stm32f4xx_ll_rcc.o
    0x0800233c   0x0800233c   0x00000010   Code   RO         2738    i.LL_RCC_PLL_GetN   stm32f4xx_ll_rcc.o
    0x0800234c   0x0800234c   0x00000012   Code   RO          537    i.LL_USART_ConfigAsyncMode  usart.o
    0x0800235e   0x0800235e   0x0000000a   Code   RO          538    i.LL_USART_Enable   usart.o
    0x08002368   0x08002368   0x0000000a   Code   RO          403    i.LL_USART_EnableIT_RXNE  main.o
    0x08002372   0x08002372   0x00000002   PAD
    0x08002374   0x08002374   0x000000e0   Code   RO         3932    i.LL_USART_Init     stm32f4xx_ll_usart.o
    0x08002454   0x08002454   0x0000000a   Code   RO         3933    i.LL_USART_IsEnabled  stm32f4xx_ll_usart.o
    0x0800245e   0x0800245e   0x00000142   Code   RO         3934    i.LL_USART_SetBaudRate  stm32f4xx_ll_usart.o
    0x080025a0   0x080025a0   0x00000054   Code   RO          797    i.MX_CAN2_Init      can.o
    0x080025f4   0x080025f4   0x00000114   Code   RO          510    i.MX_GPIO_Init      gpio.o
    0x08002708   0x08002708   0x00000050   Code   RO          967    i.MX_I2C2_Init      i2c.o
    0x08002758   0x08002758   0x00000088   Code   RO          883    i.MX_TIM2_Init      tim.o
    0x080027e0   0x080027e0   0x00000044   Code   RO          884    i.MX_TIM3_Init      tim.o
    0x08002824   0x08002824   0x00000084   Code   RO          539    i.MX_UART7_Init     usart.o
    0x080028a8   0x080028a8   0x00000084   Code   RO          540    i.MX_UART8_Init     usart.o
    0x0800292c   0x0800292c   0x00000004   Code   RO           17    i.MemManage_Handler  stm32f4xx_it.o
    0x08002930   0x08002930   0x00000002   Code   RO           18    i.NMI_Handler       stm32f4xx_it.o
    0x08002932   0x08002932   0x00000016   Code   RO          541    i.NVIC_EnableIRQ    usart.o
    0x08002948   0x08002948   0x00000040   Code   RO          542    i.NVIC_EncodePriority  usart.o
    0x08002988   0x08002988   0x00000010   Code   RO          543    i.NVIC_GetPriorityGrouping  usart.o
    0x08002998   0x08002998   0x00000010   Code   RO         2421    i.NVIC_GetPriorityGrouping  stm32f4xx_hal_cortex.o
    0x080029a8   0x080029a8   0x00000028   Code   RO          544    i.NVIC_SetPriority  usart.o
    0x080029d0   0x080029d0   0x00000028   Code   RO         2422    i.NVIC_SetPriority  stm32f4xx_hal_cortex.o
    0x080029f8   0x080029f8   0x00000002   Code   RO           19    i.PendSV_Handler    stm32f4xx_it.o
    0x080029fa   0x080029fa   0x00000002   PAD
    0x080029fc   0x080029fc   0x00000020   Code   RO         2740    i.RCC_GetHCLKClockFreq  stm32f4xx_ll_rcc.o
    0x08002a1c   0x08002a1c   0x00000024   Code   RO         2741    i.RCC_GetPCLK1ClockFreq  stm32f4xx_ll_rcc.o
    0x08002a40   0x08002a40   0x00000024   Code   RO         2742    i.RCC_GetPCLK2ClockFreq  stm32f4xx_ll_rcc.o
    0x08002a64   0x08002a64   0x00000044   Code   RO         2743    i.RCC_GetSystemClockFreq  stm32f4xx_ll_rcc.o
    0x08002aa8   0x08002aa8   0x00000070   Code   RO         2748    i.RCC_PLL_GetFreqDomain_SYS  stm32f4xx_ll_rcc.o
    0x08002b18   0x08002b18   0x00000002   Code   RO           20    i.SVC_Handler       stm32f4xx_it.o
    0x08002b1a   0x08002b1a   0x0000000c   Code   RO           21    i.SysTick_Handler   stm32f4xx_it.o
    0x08002b26   0x08002b26   0x00000002   PAD
    0x08002b28   0x08002b28   0x000000dc   Code   RO          404    i.SystemClock_Config  main.o
    0x08002c04   0x08002c04   0x00000064   Code   RO         4890    i.SystemInit        system_stm32f4xx.o
    0x08002c68   0x08002c68   0x00000010   Code   RO           22    i.TIM3_IRQHandler   stm32f4xx_it.o
    0x08002c78   0x08002c78   0x00000010   Code   RO           23    i.TIM4_IRQHandler   stm32f4xx_it.o
    0x08002c88   0x08002c88   0x000000e4   Code   RO         3127    i.TIM_Base_SetConfig  stm32f4xx_hal_tim.o
    0x08002d6c   0x08002d6c   0x0000001c   Code   RO         3128    i.TIM_CCxChannelCmd  stm32f4xx_hal_tim.o
    0x08002d88   0x08002d88   0x00000070   Code   RO         3136    i.TIM_OC1_SetConfig  stm32f4xx_hal_tim.o
    0x08002df8   0x08002df8   0x00000078   Code   RO         3137    i.TIM_OC2_SetConfig  stm32f4xx_hal_tim.o
    0x08002e70   0x08002e70   0x00000078   Code   RO         3138    i.TIM_OC3_SetConfig  stm32f4xx_hal_tim.o
    0x08002ee8   0x08002ee8   0x00000060   Code   RO         3139    i.TIM_OC4_SetConfig  stm32f4xx_hal_tim.o
    0x08002f48   0x08002f48   0x00000002   Code   RO          838    i.UART7_IRQHandler  upper.o
    0x08002f4a   0x08002f4a   0x00000002   PAD
    0x08002f4c   0x08002f4c   0x0000004c   Code   RO          268    i.UART8_IRQHandler  imu.o
    0x08002f98   0x08002f98   0x00000004   Code   RO           24    i.UsageFault_Handler  stm32f4xx_it.o
    0x08002f9c   0x08002f9c   0x00000094   Code   RO          671    i.Velocity_Control  task.o
    0x08003030   0x08003030   0x00000080   Code   RO          672    i.X_balance_Control  task.o
    0x080030b0   0x080030b0   0x00000004   Code   RO          405    i._Error_Handler    main.o
    0x080030b4   0x080030b4   0x00000184   Code   RO          673    i.balance           task.o
    0x08003238   0x08003238   0x0000003c   Code   RO          371    i.crc16_update      packet.o
    0x08003274   0x08003274   0x00000018   Code   RO          335    i.imu_data_decode_init  imu_data_decode.o
    0x0800328c   0x0800328c   0x00000074   Code   RO          269    i.imu_get           imu.o
    0x08003300   0x08003300   0x00000008   Code   RO          270    i.imu_init          imu.o
    0x08003308   0x08003308   0x00000024   Code   RO         1258    i.key_init          key.o
    0x0800332c   0x0800332c   0x00000048   Code   RO          271    i.low_pass_filter   imu.o
    0x08003374   0x08003374   0x00000068   Code   RO          406    i.main              main.o
    0x080033dc   0x080033dc   0x00000040   Code   RO          614    i.odrive_canFilter_init  odrive.o
    0x0800341c   0x0800341c   0x0000006c   Code   RO          615    i.odrive_init       odrive.o
    0x08003488   0x08003488   0x00000070   Code   RO          616    i.odrive_speed_ctrl  odrive.o
    0x080034f8   0x080034f8   0x00000260   Code   RO          336    i.on_data_received  imu_data_decode.o
    0x08003758   0x08003758   0x00000164   Code   RO          372    i.packet_decode     packet.o
    0x080038bc   0x080038bc   0x00000024   Code   RO          373    i.packet_decode_init  packet.o
    0x080038e0   0x080038e0   0x000000b8   Code   RO          676    i.param_init        task.o
    0x08003998   0x08003998   0x0000002c   Code   RO          677    i.rate_set          task.o
    0x080039c4   0x080039c4   0x00000014   Code   RO          756    i.servo_init        servo.o
    0x080039d8   0x080039d8   0x0000002a   Code   RO          337    i.stream2int16      imu_data_decode.o
    0x08003a02   0x08003a02   0x0000000a   Code   RO         5219    x$fpl$fpinit        fz_wm.l(fpinit.o)
    0x08003a0c   0x08003a0c   0x00000024   Data   RO         4891    .constdata          system_stm32f4xx.o
    0x08003a30   0x08003a30   0x00000020   Data   RO         5288    Region$$Table       anon$$obj.o


    Execution Region RW_IRAM2 (Exec base: 0x10000000, Load base: 0x08003afc, Size: 0x00000000, Max: 0x00010000, ABSOLUTE)

    **** No section assigned to this execution region ****


    Execution Region RW_IRAM1 (Exec base: 0x20000000, Load base: 0x08003a50, Size: 0x00001600, Max: 0x00030000, ABSOLUTE)

    Exec Addr    Load Addr    Size         Type   Attr      Idx    E Section Name        Object

    0x20000000   0x08003a50   0x0000000d   Data   RW          274    .data               imu.o
    0x2000000d   0x08003a5d   0x00000001   Data   RW          339    .data               imu_data_decode.o
    0x2000000e   0x08003a5e   0x00000002   PAD
    0x20000010   0x08003a60   0x00000015   Data   RW          374    .data               packet.o
    0x20000025   0x08003a75   0x00000003   PAD
    0x20000028   0x08003a78   0x00000008   Data   RW          408    .data               main.o
    0x20000030   0x08003a80   0x00000002   Data   RW          620    .data               odrive.o
    0x20000032   0x08003a82   0x00000002   PAD
    0x20000034   0x08003a84   0x0000004c   Data   RW          680    .data               task.o
    0x20000080   0x08003ad0   0x00000019   Data   RW          841    .data               upper.o
    0x20000099   0x08003ae9   0x00000003   PAD
    0x2000009c   0x08003aec   0x00000009   Data   RW         2573    .data               stm32f4xx_hal.o
    0x200000a5   0x08003af5   0x00000003   PAD
    0x200000a8   0x08003af8   0x00000004   Data   RW         4892    .data               system_stm32f4xx.o
    0x200000ac        -       0x00000024   Zero   RW          272    .bss                imu.o
    0x200000d0        -       0x00000d1b   Zero   RW          338    .bss                imu_data_decode.o
    0x20000deb   0x08003afc   0x00000001   PAD
    0x20000dec        -       0x00000030   Zero   RW          618    .bss                odrive.o
    0x20000e1c        -       0x00000050   Zero   RW          678    .bss                task.o
    0x20000e6c        -       0x00000028   Zero   RW          798    .bss                can.o
    0x20000e94        -       0x000000b4   Zero   RW          887    .bss                tim.o
    0x20000f48        -       0x00000054   Zero   RW          968    .bss                i2c.o
    0x20000f9c        -       0x00000060   Zero   RW         5146    .bss                c_w.l(libspace.o)
    0x20000ffc   0x08003afc   0x00000004   PAD
    0x20001000        -       0x00000200   Zero   RW            2    HEAP                startup_stm32f427xx.o
    0x20001200        -       0x00000400   Zero   RW            1    STACK               startup_stm32f427xx.o


==============================================================================

Image component sizes


      Code (inc. data)   RO Data    RW Data    ZI Data      Debug   Object Name

       224         40          0          0         40       2009   can.o
       276         14          0          0          0       1187   gpio.o
       172         42          0          0         84       1957   i2c.o
       272         36          0         13         36      53286   imu.o
       674         30          0          1       3355       4166   imu_data_decode.o
        36          4          0          0          0        595   key.o
       338         42          0          8          0      15634   main.o
       508         32          0          2         48       4887   odrive.o
       452         48          0         21          0       3931   packet.o
        20          4          0          0          0        537   servo.o
        64         26        428          0       1536        920   startup_stm32f427xx.o
       212         36          0          9          0       5161   stm32f4xx_hal.o
      2110          4          0          0          0      15587   stm32f4xx_hal_can.o
       348         22          0          0          0      33377   stm32f4xx_hal_cortex.o
       552         54          0          0          0       2556   stm32f4xx_hal_gpio.o
       296         10          0          0          0       2059   stm32f4xx_hal_i2c.o
        86          0          0          0          0        586   stm32f4xx_hal_msp.o
      1700         74          0          0          0       5401   stm32f4xx_hal_rcc.o
      1592         88          0          0          0      12890   stm32f4xx_hal_tim.o
       102          0          0          0          0       2642   stm32f4xx_hal_tim_ex.o
        84         18          0          0          0     801108   stm32f4xx_it.o
       324          0          0          0          0       7583   stm32f4xx_ll_gpio.o
       336         60          0          0          0      43481   stm32f4xx_ll_rcc.o
       556         34          0          0          0      16888   stm32f4xx_ll_usart.o
       100         18         36          4          0       1451   system_stm32f4xx.o
      1236        182          0         76         80       7035   task.o
       432         66          0          0        180       4081   tim.o
         2          0          0         25          0      14390   upper.o
       462         36          0          0          0      50351   usart.o

    ----------------------------------------------------------------------
     13586       1020        496        172       5360    1115736   Object Totals
         0          0         32          0          0          0   (incl. Generated)
        20          0          0         13          1          0   (incl. Padding)

    ----------------------------------------------------------------------

      Code (inc. data)   RO Data    RW Data    ZI Data      Debug   Library Member Name

         8          0          0          0          0         68   __main.o
         0          0          0          0          0          0   __rtentry.o
        12          0          0          0          0          0   __rtentry2.o
         6          0          0          0          0          0   __rtentry4.o
        52          8          0          0          0          0   __scatter.o
        26          0          0          0          0          0   __scatter_copy.o
        28          0          0          0          0          0   __scatter_zi.o
        18          0          0          0          0         80   exit.o
         6          0          0          0          0        152   heapauxi.o
         0          0          0          0          0          0   indicate_semi.o
         2          0          0          0          0          0   libinit.o
         6          0          0          0          0          0   libinit2.o
         2          0          0          0          0          0   libshutdown.o
         2          0          0          0          0          0   libshutdown2.o
         8          4          0          0         96         68   libspace.o
       238          0          0          0          0        100   lludivv7m.o
        78          0          0          0          0         80   rt_memclr_w.o
       138          0          0          0          0         68   rt_memcpy_v6.o
       100          0          0          0          0         80   rt_memcpy_w.o
         2          0          0          0          0          0   rtexit.o
        10          0          0          0          0          0   rtexit2.o
        12          4          0          0          0         68   sys_exit.o
        74          0          0          0          0         80   sys_stackheap_outer.o
         2          0          0          0          0         68   use_no_semi.o
        10          0          0          0          0        116   fpinit.o

    ----------------------------------------------------------------------
       846         16          0          0        100       1028   Library Totals
         6          0          0          0          4          0   (incl. Padding)

    ----------------------------------------------------------------------

      Code (inc. data)   RO Data    RW Data    ZI Data      Debug   Library Name

       830         16          0          0         96        912   c_w.l
        10          0          0          0          0        116   fz_wm.l

    ----------------------------------------------------------------------
       846         16          0          0        100       1028   Library Totals

    ----------------------------------------------------------------------

==============================================================================


      Code (inc. data)   RO Data    RW Data    ZI Data      Debug   

     14432       1036        496        172       5460    1104400   Grand Totals
     14432       1036        496        172       5460    1104400   ELF Image Totals
     14432       1036        496        172          0          0   ROM Totals

==============================================================================

    Total RO  Size (Code + RO Data)                14928 (  14.58kB)
    Total RW  Size (RW Data + ZI Data)              5632 (   5.50kB)
    Total ROM Size (Code + RO Data + RW Data)      15100 (  14.75kB)

==============================================================================

